2026-02-23 12:26:12,000 [INFO] __main__: 🌐 Дашборд: http://localhost:5050
2026-02-23 12:26:12,015 [INFO] werkzeug: [31m[1mWARNING: This is a development server. Do not use it in a production deployment. Use a production WSGI server instead.[0m
 * Running on all addresses (0.0.0.0)
 * Running on http://127.0.0.1:5050
 * Running on http://192.168.1.59:5050
2026-02-23 12:26:12,015 [INFO] werkzeug: [33mPress CTRL+C to quit[0m
2026-02-23 12:26:12,304 [INFO] apscheduler.scheduler: Adding job tentatively -- it will be properly scheduled when the scheduler starts
2026-02-23 12:26:12,304 [INFO] __main__: 🚀 Pearl Bot запущен!
2026-02-23 12:26:12,694 [INFO] httpx: HTTP Request: POST https://api.telegram.org/bot8327396461:AAHqdn7ioqlwEF01CE9L7U10oi6JuNoyq_s/getMe "HTTP/1.1 200 OK"
2026-02-23 12:26:42,775 [INFO] __main__: 🌐 Дашборд: http://localhost:5050
2026-02-23 12:26:42,787 [INFO] werkzeug: [31m[1mWARNING: This is a development server. Do not use it in a production deployment. Use a production WSGI server instead.[0m
 * Running on all addresses (0.0.0.0)
 * Running on http://127.0.0.1:5050
 * Running on http://192.168.1.59:5050
2026-02-23 12:26:42,787 [INFO] werkzeug: [33mPress CTRL+C to quit[0m
2026-02-23 12:26:43,173 [INFO] apscheduler.scheduler: Adding job tentatively -- it will be properly scheduled when the scheduler starts
2026-02-23 12:26:43,173 [INFO] __main__: 🚀 Pearl Bot запущен!
2026-02-23 12:26:43,609 [INFO] httpx: HTTP Request: POST https://api.telegram.org/bot8327396461:AAHqdn7ioqlwEF01CE9L7U10oi6JuNoyq_s/getMe "HTTP/1.1 200 OK"
2026-02-23 12:26:43,611 [INFO] __main__: Telegram loop registered
2026-02-23 12:26:43,717 [INFO] httpx: HTTP Request: POST https://api.telegram.org/bot8327396461:AAHqdn7ioqlwEF01CE9L7U10oi6JuNoyq_s/deleteWebhook "HTTP/1.1 200 OK"
2026-02-23 12:26:43,721 [INFO] apscheduler.scheduler: Added job "scheduled_weekly_report" to job store "default"
2026-02-23 12:26:43,722 [INFO] apscheduler.scheduler: Scheduler started
2026-02-23 12:26:43,722 [INFO] telegram.ext.Application: Application started
2026-02-23 12:26:48,158 [INFO] httpx: HTTP Request: POST https://api.telegram.org/bot8327396461:AAHqdn7ioqlwEF01CE9L7U10oi6JuNoyq_s/getUpdates "HTTP/1.1 409 Conflict"
2026-02-23 12:26:48,159 [ERROR] telegram.ext.Application: No error handlers are registered, logging exception.
Traceback (most recent call last):
  File "D:\Git Khurshid\.venv\Lib\site-packages\telegram\ext\_utils\networkloop.py", line 161, in network_retry_loop
    await do_action()
  File "D:\Git Khurshid\.venv\Lib\site-packages\telegram\ext\_utils\networkloop.py", line 154, in do_action
    action_cb_task.result()
    ~~~~~~~~~~~~~~~~~~~~~^^
  File "D:\Git Khurshid\.venv\Lib\site-packages\telegram\ext\_updater.py", line 340, in polling_action_cb
    updates = await self.bot.get_updates(
              ^^^^^^^^^^^^^^^^^^^^^^^^^^^
    ...<3 lines>...
    )
    ^
  File "D:\Git Khurshid\.venv\Lib\site-packages\telegram\ext\_extbot.py", line 671, in get_updates
    updates = await super().get_updates(
              ^^^^^^^^^^^^^^^^^^^^^^^^^^
    ...<9 lines>...
    )
    ^
  File "D:\Git Khurshid\.venv\Lib\site-packages\telegram\_bot.py", line 4860, in get_updates
    await self._post(
    ^^^^^^^^^^^^^^^^^
    ...<7 lines>...
    ),
    ^
  File "D:\Git Khurshid\.venv\Lib\site-packages\telegram\_bot.py", line 703, in _post
    return await self._do_post(
           ^^^^^^^^^^^^^^^^^^^^
    ...<6 lines>...
    )
    ^
  File "D:\Git Khurshid\.venv\Lib\site-packages\telegram\ext\_extbot.py", line 369, in _do_post
    return await super()._do_post(
           ^^^^^^^^^^^^^^^^^^^^^^^
    ...<6 lines>...
    )
    ^
  File "D:\Git Khurshid\.venv\Lib\site-packages\telegram\_bot.py", line 732, in _do_post
    result = await request.post(
             ^^^^^^^^^^^^^^^^^^^
    ...<6 lines>...
    )
    ^
  File "D:\Git Khurshid\.venv\Lib\site-packages\telegram\request\_baserequest.py", line 198, in post
    result = await self._request_wrapper(
             ^^^^^^^^^^^^^^^^^^^^^^^^^^^^
    ...<7 lines>...
    )
    ^
  File "D:\Git Khurshid\.venv\Lib\site-packages\telegram\request\_baserequest.py", line 375, in _request_wrapper
    raise exception
telegram.error.Conflict: Conflict: terminated by other getUpdates request; make sure that only one bot instance is running
2026-02-23 12:26:53,886 [INFO] httpx: HTTP Request: POST https://api.telegram.org/bot8327396461:AAHqdn7ioqlwEF01CE9L7U10oi6JuNoyq_s/getUpdates "HTTP/1.1 409 Conflict"
2026-02-23 12:26:53,888 [ERROR] telegram.ext.Application: No error handlers are registered, logging exception.
Traceback (most recent call last):
  File "D:\Git Khurshid\.venv\Lib\site-packages\telegram\ext\_utils\networkloop.py", line 161, in network_retry_loop
    await do_action()
  File "D:\Git Khurshid\.venv\Lib\site-packages\telegram\ext\_utils\networkloop.py", line 154, in do_action
    action_cb_task.result()
    ~~~~~~~~~~~~~~~~~~~~~^^
  File "D:\Git Khurshid\.venv\Lib\site-packages\telegram\ext\_updater.py", line 340, in polling_action_cb
    updates = await self.bot.get_updates(
              ^^^^^^^^^^^^^^^^^^^^^^^^^^^
    ...<3 lines>...
    )
    ^
  File "D:\Git Khurshid\.venv\Lib\site-packages\telegram\ext\_extbot.py", line 671, in get_updates
    updates = await super().get_updates(
              ^^^^^^^^^^^^^^^^^^^^^^^^^^
    ...<9 lines>...
    )
    ^
  File "D:\Git Khurshid\.venv\Lib\site-packages\telegram\_bot.py", line 4860, in get_updates
    await self._post(
    ^^^^^^^^^^^^^^^^^
    ...<7 lines>...
    ),
    ^
  File "D:\Git Khurshid\.venv\Lib\site-packages\telegram\_bot.py", line 703, in _post
    return await self._do_post(
           ^^^^^^^^^^^^^^^^^^^^
    ...<6 lines>...
    )
    ^
  File "D:\Git Khurshid\.venv\Lib\site-packages\telegram\ext\_extbot.py", line 369, in _do_post
    return await super()._do_post(
           ^^^^^^^^^^^^^^^^^^^^^^^
    ...<6 lines>...
    )
    ^
  File "D:\Git Khurshid\.venv\Lib\site-packages\telegram\_bot.py", line 732, in _do_post
    result = await request.post(
             ^^^^^^^^^^^^^^^^^^^
    ...<6 lines>...
    )
    ^
  File "D:\Git Khurshid\.venv\Lib\site-packages\telegram\request\_baserequest.py", line 198, in post
    result = await self._request_wrapper(
             ^^^^^^^^^^^^^^^^^^^^^^^^^^^^
    ...<7 lines>...
    )
    ^
  File "D:\Git Khurshid\.venv\Lib\site-packages\telegram\request\_baserequest.py", line 375, in _request_wrapper
    raise exception
telegram.error.Conflict: Conflict: terminated by other getUpdates request; make sure that only one bot instance is running
2026-02-23 12:27:00,874 [INFO] httpx: HTTP Request: POST https://api.telegram.org/bot8327396461:AAHqdn7ioqlwEF01CE9L7U10oi6JuNoyq_s/getUpdates "HTTP/1.1 409 Conflict"
2026-02-23 12:27:00,875 [ERROR] telegram.ext.Application: No error handlers are registered, logging exception.
Traceback (most recent call last):
  File "D:\Git Khurshid\.venv\Lib\site-packages\telegram\ext\_utils\networkloop.py", line 161, in network_retry_loop
    await do_action()
  File "D:\Git Khurshid\.venv\Lib\site-packages\telegram\ext\_utils\networkloop.py", line 154, in do_action
    action_cb_task.result()
    ~~~~~~~~~~~~~~~~~~~~~^^
  File "D:\Git Khurshid\.venv\Lib\site-packages\telegram\ext\_updater.py", line 340, in polling_action_cb
    updates = await self.bot.get_updates(
              ^^^^^^^^^^^^^^^^^^^^^^^^^^^
    ...<3 lines>...
    )
    ^
  File "D:\Git Khurshid\.venv\Lib\site-packages\telegram\ext\_extbot.py", line 671, in get_updates
    updates = await super().get_updates(
              ^^^^^^^^^^^^^^^^^^^^^^^^^^
    ...<9 lines>...
    )
    ^
  File "D:\Git Khurshid\.venv\Lib\site-packages\telegram\_bot.py", line 4860, in get_updates
    await self._post(
    ^^^^^^^^^^^^^^^^^
    ...<7 lines>...
    ),
    ^
  File "D:\Git Khurshid\.venv\Lib\site-packages\telegram\_bot.py", line 703, in _post
    return await self._do_post(
           ^^^^^^^^^^^^^^^^^^^^
    ...<6 lines>...
    )
    ^
  File "D:\Git Khurshid\.venv\Lib\site-packages\telegram\ext\_extbot.py", line 369, in _do_post
    return await super()._do_post(
           ^^^^^^^^^^^^^^^^^^^^^^^
    ...<6 lines>...
    )
    ^
  File "D:\Git Khurshid\.venv\Lib\site-packages\telegram\_bot.py", line 732, in _do_post
    result = await request.post(
             ^^^^^^^^^^^^^^^^^^^
    ...<6 lines>...
    )
    ^
  File "D:\Git Khurshid\.venv\Lib\site-packages\telegram\request\_baserequest.py", line 198, in post
    result = await self._request_wrapper(
             ^^^^^^^^^^^^^^^^^^^^^^^^^^^^
    ...<7 lines>...
    )
    ^
  File "D:\Git Khurshid\.venv\Lib\site-packages\telegram\request\_baserequest.py", line 375, in _request_wrapper
    raise exception
telegram.error.Conflict: Conflict: terminated by other getUpdates request; make sure that only one bot instance is running
2026-02-23 12:27:02,606 [INFO] __main__: 🌐 Дашборд: http://localhost:5050
2026-02-23 12:27:02,618 [INFO] werkzeug: [31m[1mWARNING: This is a development server. Do not use it in a production deployment. Use a production WSGI server instead.[0m
 * Running on all addresses (0.0.0.0)
 * Running on http://127.0.0.1:5050
 * Running on http://192.168.1.59:5050
2026-02-23 12:27:02,618 [INFO] werkzeug: [33mPress CTRL+C to quit[0m
2026-02-23 12:27:02,893 [INFO] apscheduler.scheduler: Adding job tentatively -- it will be properly scheduled when the scheduler starts
2026-02-23 12:27:02,893 [INFO] __main__: 🚀 Pearl Bot запущен!
2026-02-23 12:27:03,273 [INFO] httpx: HTTP Request: POST https://api.telegram.org/bot8327396461:AAHqdn7ioqlwEF01CE9L7U10oi6JuNoyq_s/getMe "HTTP/1.1 200 OK"
2026-02-23 12:27:03,275 [INFO] __main__: Telegram loop registered
2026-02-23 12:27:03,379 [INFO] httpx: HTTP Request: POST https://api.telegram.org/bot8327396461:AAHqdn7ioqlwEF01CE9L7U10oi6JuNoyq_s/deleteWebhook "HTTP/1.1 200 OK"
2026-02-23 12:27:03,382 [INFO] apscheduler.scheduler: Added job "scheduled_weekly_report" to job store "default"
2026-02-23 12:27:03,382 [INFO] apscheduler.scheduler: Scheduler started
2026-02-23 12:27:03,383 [INFO] telegram.ext.Application: Application started
2026-02-23 12:27:06,712 [INFO] httpx: HTTP Request: POST https://api.telegram.org/bot8327396461:AAHqdn7ioqlwEF01CE9L7U10oi6JuNoyq_s/getUpdates "HTTP/1.1 409 Conflict"
2026-02-23 12:27:06,714 [ERROR] telegram.ext.Application: No error handlers are registered, logging exception.
Traceback (most recent call last):
  File "D:\Git Khurshid\.venv\Lib\site-packages\telegram\ext\_utils\networkloop.py", line 161, in network_retry_loop
    await do_action()
  File "D:\Git Khurshid\.venv\Lib\site-packages\telegram\ext\_utils\networkloop.py", line 154, in do_action
    action_cb_task.result()
    ~~~~~~~~~~~~~~~~~~~~~^^
  File "D:\Git Khurshid\.venv\Lib\site-packages\telegram\ext\_updater.py", line 340, in polling_action_cb
    updates = await self.bot.get_updates(
              ^^^^^^^^^^^^^^^^^^^^^^^^^^^
    ...<3 lines>...
    )
    ^
  File "D:\Git Khurshid\.venv\Lib\site-packages\telegram\ext\_extbot.py", line 671, in get_updates
    updates = await super().get_updates(
              ^^^^^^^^^^^^^^^^^^^^^^^^^^
    ...<9 lines>...
    )
    ^
  File "D:\Git Khurshid\.venv\Lib\site-packages\telegram\_bot.py", line 4860, in get_updates
    await self._post(
    ^^^^^^^^^^^^^^^^^
    ...<7 lines>...
    ),
    ^
  File "D:\Git Khurshid\.venv\Lib\site-packages\telegram\_bot.py", line 703, in _post
    return await self._do_post(
           ^^^^^^^^^^^^^^^^^^^^
    ...<6 lines>...
    )
    ^
  File "D:\Git Khurshid\.venv\Lib\site-packages\telegram\ext\_extbot.py", line 369, in _do_post
    return await super()._do_post(
           ^^^^^^^^^^^^^^^^^^^^^^^
    ...<6 lines>...
    )
    ^
  File "D:\Git Khurshid\.venv\Lib\site-packages\telegram\_bot.py", line 732, in _do_post
    result = await request.post(
             ^^^^^^^^^^^^^^^^^^^
    ...<6 lines>...
    )
    ^
  File "D:\Git Khurshid\.venv\Lib\site-packages\telegram\request\_baserequest.py", line 198, in post
    result = await self._request_wrapper(
             ^^^^^^^^^^^^^^^^^^^^^^^^^^^^
    ...<7 lines>...
    )
    ^
  File "D:\Git Khurshid\.venv\Lib\site-packages\telegram\request\_baserequest.py", line 375, in _request_wrapper
    raise exception
telegram.error.Conflict: Conflict: terminated by other getUpdates request; make sure that only one bot instance is running
2026-02-23 12:27:06,727 [INFO] httpx: HTTP Request: POST https://api.telegram.org/bot8327396461:AAHqdn7ioqlwEF01CE9L7U10oi6JuNoyq_s/getUpdates "HTTP/1.1 409 Conflict"
2026-02-23 12:27:06,728 [ERROR] telegram.ext.Application: No error handlers are registered, logging exception.
Traceback (most recent call last):
  File "D:\Git Khurshid\.venv\Lib\site-packages\telegram\ext\_utils\networkloop.py", line 161, in network_retry_loop
    await do_action()
  File "D:\Git Khurshid\.venv\Lib\site-packages\telegram\ext\_utils\networkloop.py", line 154, in do_action
    action_cb_task.result()
    ~~~~~~~~~~~~~~~~~~~~~^^
  File "D:\Git Khurshid\.venv\Lib\site-packages\telegram\ext\_updater.py", line 340, in polling_action_cb
    updates = await self.bot.get_updates(
              ^^^^^^^^^^^^^^^^^^^^^^^^^^^
    ...<3 lines>...
    )
    ^
  File "D:\Git Khurshid\.venv\Lib\site-packages\telegram\ext\_extbot.py", line 671, in get_updates
    updates = await super().get_updates(
              ^^^^^^^^^^^^^^^^^^^^^^^^^^
    ...<9 lines>...
    )
    ^
  File "D:\Git Khurshid\.venv\Lib\site-packages\telegram\_bot.py", line 4860, in get_updates
    await self._post(
    ^^^^^^^^^^^^^^^^^
    ...<7 lines>...
    ),
    ^
  File "D:\Git Khurshid\.venv\Lib\site-packages\telegram\_bot.py", line 703, in _post
    return await self._do_post(
           ^^^^^^^^^^^^^^^^^^^^
    ...<6 lines>...
    )
    ^
  File "D:\Git Khurshid\.venv\Lib\site-packages\telegram\ext\_extbot.py", line 369, in _do_post
    return await super()._do_post(
           ^^^^^^^^^^^^^^^^^^^^^^^
    ...<6 lines>...
    )
    ^
  File "D:\Git Khurshid\.venv\Lib\site-packages\telegram\_bot.py", line 732, in _do_post
    result = await request.post(
             ^^^^^^^^^^^^^^^^^^^
    ...<6 lines>...
    )
    ^
  File "D:\Git Khurshid\.venv\Lib\site-packages\telegram\request\_baserequest.py", line 198, in post
    result = await self._request_wrapper(
             ^^^^^^^^^^^^^^^^^^^^^^^^^^^^
    ...<7 lines>...
    )
    ^
  File "D:\Git Khurshid\.venv\Lib\site-packages\telegram\request\_baserequest.py", line 375, in _request_wrapper
    raise exception
telegram.error.Conflict: Conflict: terminated by other getUpdates request; make sure that only one bot instance is running
2026-02-23 12:27:10,196 [INFO] httpx: HTTP Request: POST https://api.telegram.org/bot8327396461:AAHqdn7ioqlwEF01CE9L7U10oi6JuNoyq_s/getUpdates "HTTP/1.1 409 Conflict"
2026-02-23 12:27:10,198 [ERROR] telegram.ext.Application: No error handlers are registered, logging exception.
Traceback (most recent call last):
  File "D:\Git Khurshid\.venv\Lib\site-packages\telegram\ext\_utils\networkloop.py", line 161, in network_retry_loop
    await do_action()
  File "D:\Git Khurshid\.venv\Lib\site-packages\telegram\ext\_utils\networkloop.py", line 154, in do_action
    action_cb_task.result()
    ~~~~~~~~~~~~~~~~~~~~~^^
  File "D:\Git Khurshid\.venv\Lib\site-packages\telegram\ext\_updater.py", line 340, in polling_action_cb
    updates = await self.bot.get_updates(
              ^^^^^^^^^^^^^^^^^^^^^^^^^^^
    ...<3 lines>...
    )
    ^
  File "D:\Git Khurshid\.venv\Lib\site-packages\telegram\ext\_extbot.py", line 671, in get_updates
    updates = await super().get_updates(
              ^^^^^^^^^^^^^^^^^^^^^^^^^^
    ...<9 lines>...
    )
    ^
  File "D:\Git Khurshid\.venv\Lib\site-packages\telegram\_bot.py", line 4860, in get_updates
    await self._post(
    ^^^^^^^^^^^^^^^^^
    ...<7 lines>...
    ),
    ^
  File "D:\Git Khurshid\.venv\Lib\site-packages\telegram\_bot.py", line 703, in _post
    return await self._do_post(
           ^^^^^^^^^^^^^^^^^^^^
    ...<6 lines>...
    )
    ^
  File "D:\Git Khurshid\.venv\Lib\site-packages\telegram\ext\_extbot.py", line 369, in _do_post
    return await super()._do_post(
           ^^^^^^^^^^^^^^^^^^^^^^^
    ...<6 lines>...
    )
    ^
  File "D:\Git Khurshid\.venv\Lib\site-packages\telegram\_bot.py", line 732, in _do_post
    result = await request.post(
             ^^^^^^^^^^^^^^^^^^^
    ...<6 lines>...
    )
    ^
  File "D:\Git Khurshid\.venv\Lib\site-packages\telegram\request\_baserequest.py", line 198, in post
    result = await self._request_wrapper(
             ^^^^^^^^^^^^^^^^^^^^^^^^^^^^
    ...<7 lines>...
    )
    ^
  File "D:\Git Khurshid\.venv\Lib\site-packages\telegram\request\_baserequest.py", line 375, in _request_wrapper
    raise exception
telegram.error.Conflict: Conflict: terminated by other getUpdates request; make sure that only one bot instance is running
2026-02-23 12:27:14,819 [INFO] httpx: HTTP Request: POST https://api.telegram.org/bot8327396461:AAHqdn7ioqlwEF01CE9L7U10oi6JuNoyq_s/getUpdates "HTTP/1.1 409 Conflict"
2026-02-23 12:27:14,820 [ERROR] telegram.ext.Application: No error handlers are registered, logging exception.
Traceback (most recent call last):
  File "D:\Git Khurshid\.venv\Lib\site-packages\telegram\ext\_utils\networkloop.py", line 161, in network_retry_loop
    await do_action()
  File "D:\Git Khurshid\.venv\Lib\site-packages\telegram\ext\_utils\networkloop.py", line 154, in do_action
    action_cb_task.result()
    ~~~~~~~~~~~~~~~~~~~~~^^
  File "D:\Git Khurshid\.venv\Lib\site-packages\telegram\ext\_updater.py", line 340, in polling_action_cb
    updates = await self.bot.get_updates(
              ^^^^^^^^^^^^^^^^^^^^^^^^^^^
    ...<3 lines>...
    )
    ^
  File "D:\Git Khurshid\.venv\Lib\site-packages\telegram\ext\_extbot.py", line 671, in get_updates
    updates = await super().get_updates(
              ^^^^^^^^^^^^^^^^^^^^^^^^^^
    ...<9 lines>...
    )
    ^
  File "D:\Git Khurshid\.venv\Lib\site-packages\telegram\_bot.py", line 4860, in get_updates
    await self._post(
    ^^^^^^^^^^^^^^^^^
    ...<7 lines>...
    ),
    ^
  File "D:\Git Khurshid\.venv\Lib\site-packages\telegram\_bot.py", line 703, in _post
    return await self._do_post(
           ^^^^^^^^^^^^^^^^^^^^
    ...<6 lines>...
    )
    ^
  File "D:\Git Khurshid\.venv\Lib\site-packages\telegram\ext\_extbot.py", line 369, in _do_post
    return await super()._do_post(
           ^^^^^^^^^^^^^^^^^^^^^^^
    ...<6 lines>...
    )
    ^
  File "D:\Git Khurshid\.venv\Lib\site-packages\telegram\_bot.py", line 732, in _do_post
    result = await request.post(
             ^^^^^^^^^^^^^^^^^^^
    ...<6 lines>...
    )
    ^
  File "D:\Git Khurshid\.venv\Lib\site-packages\telegram\request\_baserequest.py", line 198, in post
    result = await self._request_wrapper(
             ^^^^^^^^^^^^^^^^^^^^^^^^^^^^
    ...<7 lines>...
    )
    ^
  File "D:\Git Khurshid\.venv\Lib\site-packages\telegram\request\_baserequest.py", line 375, in _request_wrapper
    raise exception
telegram.error.Conflict: Conflict: terminated by other getUpdates request; make sure that only one bot instance is running
2026-02-23 12:27:16,260 [INFO] httpx: HTTP Request: POST https://api.telegram.org/bot8327396461:AAHqdn7ioqlwEF01CE9L7U10oi6JuNoyq_s/getUpdates "HTTP/1.1 409 Conflict"
2026-02-23 12:27:16,261 [ERROR] telegram.ext.Application: No error handlers are registered, logging exception.
Traceback (most recent call last):
  File "D:\Git Khurshid\.venv\Lib\site-packages\telegram\ext\_utils\networkloop.py", line 161, in network_retry_loop
    await do_action()
  File "D:\Git Khurshid\.venv\Lib\site-packages\telegram\ext\_utils\networkloop.py", line 154, in do_action
    action_cb_task.result()
    ~~~~~~~~~~~~~~~~~~~~~^^
  File "D:\Git Khurshid\.venv\Lib\site-packages\telegram\ext\_updater.py", line 340, in polling_action_cb
    updates = await self.bot.get_updates(
              ^^^^^^^^^^^^^^^^^^^^^^^^^^^
    ...<3 lines>...
    )
    ^
  File "D:\Git Khurshid\.venv\Lib\site-packages\telegram\ext\_extbot.py", line 671, in get_updates
    updates = await super().get_updates(
              ^^^^^^^^^^^^^^^^^^^^^^^^^^
    ...<9 lines>...
    )
    ^
  File "D:\Git Khurshid\.venv\Lib\site-packages\telegram\_bot.py", line 4860, in get_updates
    await self._post(
    ^^^^^^^^^^^^^^^^^
    ...<7 lines>...
    ),
    ^
  File "D:\Git Khurshid\.venv\Lib\site-packages\telegram\_bot.py", line 703, in _post
    return await self._do_post(
           ^^^^^^^^^^^^^^^^^^^^
    ...<6 lines>...
    )
    ^
  File "D:\Git Khurshid\.venv\Lib\site-packages\telegram\ext\_extbot.py", line 369, in _do_post
    return await super()._do_post(
           ^^^^^^^^^^^^^^^^^^^^^^^
    ...<6 lines>...
    )
    ^
  File "D:\Git Khurshid\.venv\Lib\site-packages\telegram\_bot.py", line 732, in _do_post
    result = await request.post(
             ^^^^^^^^^^^^^^^^^^^
    ...<6 lines>...
    )
    ^
  File "D:\Git Khurshid\.venv\Lib\site-packages\telegram\request\_baserequest.py", line 198, in post
    result = await self._request_wrapper(
             ^^^^^^^^^^^^^^^^^^^^^^^^^^^^
    ...<7 lines>...
    )
    ^
  File "D:\Git Khurshid\.venv\Lib\site-packages\telegram\request\_baserequest.py", line 375, in _request_wrapper
    raise exception
telegram.error.Conflict: Conflict: terminated by other getUpdates request; make sure that only one bot instance is running
2026-02-23 12:27:20,193 [INFO] httpx: HTTP Request: POST https://api.telegram.org/bot8327396461:AAHqdn7ioqlwEF01CE9L7U10oi6JuNoyq_s/getUpdates "HTTP/1.1 409 Conflict"
2026-02-23 12:27:20,193 [ERROR] telegram.ext.Application: No error handlers are registered, logging exception.
Traceback (most recent call last):
  File "D:\Git Khurshid\.venv\Lib\site-packages\telegram\ext\_utils\networkloop.py", line 161, in network_retry_loop
    await do_action()
  File "D:\Git Khurshid\.venv\Lib\site-packages\telegram\ext\_utils\networkloop.py", line 154, in do_action
    action_cb_task.result()
    ~~~~~~~~~~~~~~~~~~~~~^^
  File "D:\Git Khurshid\.venv\Lib\site-packages\telegram\ext\_updater.py", line 340, in polling_action_cb
    updates = await self.bot.get_updates(
              ^^^^^^^^^^^^^^^^^^^^^^^^^^^
    ...<3 lines>...
    )
    ^
  File "D:\Git Khurshid\.venv\Lib\site-packages\telegram\ext\_extbot.py", line 671, in get_updates
    updates = await super().get_updates(
              ^^^^^^^^^^^^^^^^^^^^^^^^^^
    ...<9 lines>...
    )
    ^
  File "D:\Git Khurshid\.venv\Lib\site-packages\telegram\_bot.py", line 4860, in get_updates
    await self._post(
    ^^^^^^^^^^^^^^^^^
    ...<7 lines>...
    ),
    ^
  File "D:\Git Khurshid\.venv\Lib\site-packages\telegram\_bot.py", line 703, in _post
    return await self._do_post(
           ^^^^^^^^^^^^^^^^^^^^
    ...<6 lines>...
    )
    ^
  File "D:\Git Khurshid\.venv\Lib\site-packages\telegram\ext\_extbot.py", line 369, in _do_post
    return await super()._do_post(
           ^^^^^^^^^^^^^^^^^^^^^^^
    ...<6 lines>...
    )
    ^
  File "D:\Git Khurshid\.venv\Lib\site-packages\telegram\_bot.py", line 732, in _do_post
    result = await request.post(
             ^^^^^^^^^^^^^^^^^^^
    ...<6 lines>...
    )
    ^
  File "D:\Git Khurshid\.venv\Lib\site-packages\telegram\request\_baserequest.py", line 198, in post
    result = await self._request_wrapper(
             ^^^^^^^^^^^^^^^^^^^^^^^^^^^^
    ...<7 lines>...
    )
    ^
  File "D:\Git Khurshid\.venv\Lib\site-packages\telegram\request\_baserequest.py", line 375, in _request_wrapper
    raise exception
telegram.error.Conflict: Conflict: terminated by other getUpdates request; make sure that only one bot instance is running
2026-02-23 12:27:23,683 [INFO] httpx: HTTP Request: POST https://api.telegram.org/bot8327396461:AAHqdn7ioqlwEF01CE9L7U10oi6JuNoyq_s/getUpdates "HTTP/1.1 409 Conflict"
2026-02-23 12:27:23,684 [ERROR] telegram.ext.Application: No error handlers are registered, logging exception.
Traceback (most recent call last):
  File "D:\Git Khurshid\.venv\Lib\site-packages\telegram\ext\_utils\networkloop.py", line 161, in network_retry_loop
    await do_action()
  File "D:\Git Khurshid\.venv\Lib\site-packages\telegram\ext\_utils\networkloop.py", line 154, in do_action
    action_cb_task.result()
    ~~~~~~~~~~~~~~~~~~~~~^^
  File "D:\Git Khurshid\.venv\Lib\site-packages\telegram\ext\_updater.py", line 340, in polling_action_cb
    updates = await self.bot.get_updates(
              ^^^^^^^^^^^^^^^^^^^^^^^^^^^
    ...<3 lines>...
    )
    ^
  File "D:\Git Khurshid\.venv\Lib\site-packages\telegram\ext\_extbot.py", line 671, in get_updates
    updates = await super().get_updates(
              ^^^^^^^^^^^^^^^^^^^^^^^^^^
    ...<9 lines>...
    )
    ^
  File "D:\Git Khurshid\.venv\Lib\site-packages\telegram\_bot.py", line 4860, in get_updates
    await self._post(
    ^^^^^^^^^^^^^^^^^
    ...<7 lines>...
    ),
    ^
  File "D:\Git Khurshid\.venv\Lib\site-packages\telegram\_bot.py", line 703, in _post
    return await self._do_post(
           ^^^^^^^^^^^^^^^^^^^^
    ...<6 lines>...
    )
    ^
  File "D:\Git Khurshid\.venv\Lib\site-packages\telegram\ext\_extbot.py", line 369, in _do_post
    return await super()._do_post(
           ^^^^^^^^^^^^^^^^^^^^^^^
    ...<6 lines>...
    )
    ^
  File "D:\Git Khurshid\.venv\Lib\site-packages\telegram\_bot.py", line 732, in _do_post
    result = await request.post(
             ^^^^^^^^^^^^^^^^^^^
    ...<6 lines>...
    )
    ^
  File "D:\Git Khurshid\.venv\Lib\site-packages\telegram\request\_baserequest.py", line 198, in post
    result = await self._request_wrapper(
             ^^^^^^^^^^^^^^^^^^^^^^^^^^^^
    ...<7 lines>...
    )
    ^
  File "D:\Git Khurshid\.venv\Lib\site-packages\telegram\request\_baserequest.py", line 375, in _request_wrapper
    raise exception
telegram.error.Conflict: Conflict: terminated by other getUpdates request; make sure that only one bot instance is running
2026-02-23 12:27:29,557 [INFO] httpx: HTTP Request: POST https://api.telegram.org/bot8327396461:AAHqdn7ioqlwEF01CE9L7U10oi6JuNoyq_s/getUpdates "HTTP/1.1 409 Conflict"
2026-02-23 12:27:29,558 [ERROR] telegram.ext.Application: No error handlers are registered, logging exception.
Traceback (most recent call last):
  File "D:\Git Khurshid\.venv\Lib\site-packages\telegram\ext\_utils\networkloop.py", line 161, in network_retry_loop
    await do_action()
  File "D:\Git Khurshid\.venv\Lib\site-packages\telegram\ext\_utils\networkloop.py", line 154, in do_action
    action_cb_task.result()
    ~~~~~~~~~~~~~~~~~~~~~^^
  File "D:\Git Khurshid\.venv\Lib\site-packages\telegram\ext\_updater.py", line 340, in polling_action_cb
    updates = await self.bot.get_updates(
              ^^^^^^^^^^^^^^^^^^^^^^^^^^^
    ...<3 lines>...
    )
    ^
  File "D:\Git Khurshid\.venv\Lib\site-packages\telegram\ext\_extbot.py", line 671, in get_updates
    updates = await super().get_updates(
              ^^^^^^^^^^^^^^^^^^^^^^^^^^
    ...<9 lines>...
    )
    ^
  File "D:\Git Khurshid\.venv\Lib\site-packages\telegram\_bot.py", line 4860, in get_updates
    await self._post(
    ^^^^^^^^^^^^^^^^^
    ...<7 lines>...
    ),
    ^
  File "D:\Git Khurshid\.venv\Lib\site-packages\telegram\_bot.py", line 703, in _post
    return await self._do_post(
           ^^^^^^^^^^^^^^^^^^^^
    ...<6 lines>...
    )
    ^
  File "D:\Git Khurshid\.venv\Lib\site-packages\telegram\ext\_extbot.py", line 369, in _do_post
    return await super()._do_post(
           ^^^^^^^^^^^^^^^^^^^^^^^
    ...<6 lines>...
    )
    ^
  File "D:\Git Khurshid\.venv\Lib\site-packages\telegram\_bot.py", line 732, in _do_post
    result = await request.post(
             ^^^^^^^^^^^^^^^^^^^
    ...<6 lines>...
    )
    ^
  File "D:\Git Khurshid\.venv\Lib\site-packages\telegram\request\_baserequest.py", line 198, in post
    result = await self._request_wrapper(
             ^^^^^^^^^^^^^^^^^^^^^^^^^^^^
    ...<7 lines>...
    )
    ^
  File "D:\Git Khurshid\.venv\Lib\site-packages\telegram\request\_baserequest.py", line 375, in _request_wrapper
    raise exception
telegram.error.Conflict: Conflict: terminated by other getUpdates request; make sure that only one bot instance is running
2026-02-23 12:27:34,936 [INFO] httpx: HTTP Request: POST https://api.telegram.org/bot8327396461:AAHqdn7ioqlwEF01CE9L7U10oi6JuNoyq_s/getUpdates "HTTP/1.1 409 Conflict"
2026-02-23 12:27:34,938 [ERROR] telegram.ext.Application: No error handlers are registered, logging exception.
Traceback (most recent call last):
  File "D:\Git Khurshid\.venv\Lib\site-packages\telegram\ext\_utils\networkloop.py", line 161, in network_retry_loop
    await do_action()
  File "D:\Git Khurshid\.venv\Lib\site-packages\telegram\ext\_utils\networkloop.py", line 154, in do_action
    action_cb_task.result()
    ~~~~~~~~~~~~~~~~~~~~~^^
  File "D:\Git Khurshid\.venv\Lib\site-packages\telegram\ext\_updater.py", line 340, in polling_action_cb
    updates = await self.bot.get_updates(
              ^^^^^^^^^^^^^^^^^^^^^^^^^^^
    ...<3 lines>...
    )
    ^
  File "D:\Git Khurshid\.venv\Lib\site-packages\telegram\ext\_extbot.py", line 671, in get_updates
    updates = await super().get_updates(
              ^^^^^^^^^^^^^^^^^^^^^^^^^^
    ...<9 lines>...
    )
    ^
  File "D:\Git Khurshid\.venv\Lib\site-packages\telegram\_bot.py", line 4860, in get_updates
    await self._post(
    ^^^^^^^^^^^^^^^^^
    ...<7 lines>...
    ),
    ^
  File "D:\Git Khurshid\.venv\Lib\site-packages\telegram\_bot.py", line 703, in _post
    return await self._do_post(
           ^^^^^^^^^^^^^^^^^^^^
    ...<6 lines>...
    )
    ^
  File "D:\Git Khurshid\.venv\Lib\site-packages\telegram\ext\_extbot.py", line 369, in _do_post
    return await super()._do_post(
           ^^^^^^^^^^^^^^^^^^^^^^^
    ...<6 lines>...
    )
    ^
  File "D:\Git Khurshid\.venv\Lib\site-packages\telegram\_bot.py", line 732, in _do_post
    result = await request.post(
             ^^^^^^^^^^^^^^^^^^^
    ...<6 lines>...
    )
    ^
  File "D:\Git Khurshid\.venv\Lib\site-packages\telegram\request\_baserequest.py", line 198, in post
    result = await self._request_wrapper(
             ^^^^^^^^^^^^^^^^^^^^^^^^^^^^
    ...<7 lines>...
    )
    ^
  File "D:\Git Khurshid\.venv\Lib\site-packages\telegram\request\_baserequest.py", line 375, in _request_wrapper
    raise exception
telegram.error.Conflict: Conflict: terminated by other getUpdates request; make sure that only one bot instance is running
2026-02-23 12:27:46,845 [INFO] __main__: 🌐 Дашборд: http://localhost:5050
2026-02-23 12:27:46,853 [INFO] werkzeug: [31m[1mWARNING: This is a development server. Do not use it in a production deployment. Use a production WSGI server instead.[0m
 * Running on all addresses (0.0.0.0)
 * Running on http://127.0.0.1:5050
 * Running on http://192.168.1.59:5050
2026-02-23 12:27:46,853 [INFO] werkzeug: [33mPress CTRL+C to quit[0m
2026-02-23 12:27:47,113 [INFO] werkzeug: 127.0.0.1 - - [23/Feb/2026 12:27:47] "GET /api/stream HTTP/1.1" 200 -
2026-02-23 12:27:47,249 [INFO] apscheduler.scheduler: Adding job tentatively -- it will be properly scheduled when the scheduler starts
2026-02-23 12:27:47,249 [INFO] __main__: 🚀 Pearl Bot запущен!
2026-02-23 12:27:47,653 [INFO] werkzeug: 127.0.0.1 - - [23/Feb/2026 12:27:47] "GET /api/stream HTTP/1.1" 200 -
2026-02-23 12:27:47,659 [INFO] httpx: HTTP Request: POST https://api.telegram.org/bot8327396461:AAHqdn7ioqlwEF01CE9L7U10oi6JuNoyq_s/getMe "HTTP/1.1 200 OK"
2026-02-23 12:27:47,660 [INFO] __main__: Telegram loop registered
2026-02-23 12:27:47,758 [INFO] httpx: HTTP Request: POST https://api.telegram.org/bot8327396461:AAHqdn7ioqlwEF01CE9L7U10oi6JuNoyq_s/deleteWebhook "HTTP/1.1 200 OK"
2026-02-23 12:27:47,762 [INFO] apscheduler.scheduler: Added job "scheduled_weekly_report" to job store "default"
2026-02-23 12:27:47,763 [INFO] apscheduler.scheduler: Scheduler started
2026-02-23 12:27:47,763 [INFO] telegram.ext.Application: Application started
2026-02-23 12:27:50,311 [INFO] werkzeug: 127.0.0.1 - - [23/Feb/2026 12:27:50] "GET /api/stream HTTP/1.1" 200 -
2026-02-23 12:27:58,083 [INFO] httpx: HTTP Request: POST https://api.telegram.org/bot8327396461:AAHqdn7ioqlwEF01CE9L7U10oi6JuNoyq_s/getUpdates "HTTP/1.1 200 OK"
2026-02-23 12:28:08,193 [INFO] httpx: HTTP Request: POST https://api.telegram.org/bot8327396461:AAHqdn7ioqlwEF01CE9L7U10oi6JuNoyq_s/getUpdates "HTTP/1.1 200 OK"
2026-02-23 12:28:18,301 [INFO] httpx: HTTP Request: POST https://api.telegram.org/bot8327396461:AAHqdn7ioqlwEF01CE9L7U10oi6JuNoyq_s/getUpdates "HTTP/1.1 200 OK"
2026-02-23 12:28:26,191 [INFO] werkzeug: 127.0.0.1 - - [23/Feb/2026 12:28:26] "GET / HTTP/1.1" 200 -
2026-02-23 12:28:26,680 [INFO] werkzeug: 127.0.0.1 - - [23/Feb/2026 12:28:26] "GET /api/config HTTP/1.1" 200 -
2026-02-23 12:28:28,420 [INFO] httpx: HTTP Request: POST https://api.telegram.org/bot8327396461:AAHqdn7ioqlwEF01CE9L7U10oi6JuNoyq_s/getUpdates "HTTP/1.1 200 OK"
2026-02-23 12:28:29,647 [INFO] werkzeug: 127.0.0.1 - - [23/Feb/2026 12:28:29] "GET /api/stream HTTP/1.1" 200 -
2026-02-23 12:28:29,649 [INFO] werkzeug: 127.0.0.1 - - [23/Feb/2026 12:28:29] "GET /api/projects HTTP/1.1" 200 -
2026-02-23 12:28:29,663 [INFO] werkzeug: 127.0.0.1 - - [23/Feb/2026 12:28:29] "[33mGET /favicon.ico HTTP/1.1[0m" 404 -
2026-02-23 12:28:38,526 [INFO] httpx: HTTP Request: POST https://api.telegram.org/bot8327396461:AAHqdn7ioqlwEF01CE9L7U10oi6JuNoyq_s/getUpdates "HTTP/1.1 200 OK"
2026-02-23 12:28:48,636 [INFO] httpx: HTTP Request: POST https://api.telegram.org/bot8327396461:AAHqdn7ioqlwEF01CE9L7U10oi6JuNoyq_s/getUpdates "HTTP/1.1 200 OK"
2026-02-23 12:28:58,777 [INFO] httpx: HTTP Request: POST https://api.telegram.org/bot8327396461:AAHqdn7ioqlwEF01CE9L7U10oi6JuNoyq_s/getUpdates "HTTP/1.1 200 OK"
2026-02-23 12:29:08,687 [INFO] __main__: 🌐 Дашборд: http://localhost:5050
2026-02-23 12:29:08,700 [INFO] werkzeug: [31m[1mWARNING: This is a development server. Do not use it in a production deployment. Use a production WSGI server instead.[0m
 * Running on all addresses (0.0.0.0)
 * Running on http://127.0.0.1:5050
 * Running on http://192.168.1.59:5050
2026-02-23 12:29:08,700 [INFO] werkzeug: [33mPress CTRL+C to quit[0m
2026-02-23 12:29:08,882 [INFO] httpx: HTTP Request: POST https://api.telegram.org/bot8327396461:AAHqdn7ioqlwEF01CE9L7U10oi6JuNoyq_s/getUpdates "HTTP/1.1 200 OK"
2026-02-23 12:29:09,109 [INFO] apscheduler.scheduler: Adding job tentatively -- it will be properly scheduled when the scheduler starts
2026-02-23 12:29:09,110 [INFO] __main__: 🚀 Pearl Bot запущен!
2026-02-23 12:29:09,591 [INFO] httpx: HTTP Request: POST https://api.telegram.org/bot8327396461:AAHqdn7ioqlwEF01CE9L7U10oi6JuNoyq_s/getMe "HTTP/1.1 200 OK"
2026-02-23 12:29:09,594 [INFO] __main__: Telegram loop registered
2026-02-23 12:29:09,699 [INFO] httpx: HTTP Request: POST https://api.telegram.org/bot8327396461:AAHqdn7ioqlwEF01CE9L7U10oi6JuNoyq_s/deleteWebhook "HTTP/1.1 200 OK"
2026-02-23 12:29:09,703 [INFO] apscheduler.scheduler: Added job "scheduled_weekly_report" to job store "default"
2026-02-23 12:29:09,704 [INFO] apscheduler.scheduler: Scheduler started
2026-02-23 12:29:09,705 [INFO] telegram.ext.Application: Application started
2026-02-23 12:29:10,033 [INFO] httpx: HTTP Request: POST https://api.telegram.org/bot8327396461:AAHqdn7ioqlwEF01CE9L7U10oi6JuNoyq_s/getUpdates "HTTP/1.1 409 Conflict"
2026-02-23 12:29:10,034 [ERROR] telegram.ext.Application: No error handlers are registered, logging exception.
Traceback (most recent call last):
  File "D:\Git Khurshid\.venv\Lib\site-packages\telegram\ext\_utils\networkloop.py", line 161, in network_retry_loop
    await do_action()
  File "D:\Git Khurshid\.venv\Lib\site-packages\telegram\ext\_utils\networkloop.py", line 154, in do_action
    action_cb_task.result()
    ~~~~~~~~~~~~~~~~~~~~~^^
  File "D:\Git Khurshid\.venv\Lib\site-packages\telegram\ext\_updater.py", line 340, in polling_action_cb
    updates = await self.bot.get_updates(
              ^^^^^^^^^^^^^^^^^^^^^^^^^^^
    ...<3 lines>...
    )
    ^
  File "D:\Git Khurshid\.venv\Lib\site-packages\telegram\ext\_extbot.py", line 671, in get_updates
    updates = await super().get_updates(
              ^^^^^^^^^^^^^^^^^^^^^^^^^^
    ...<9 lines>...
    )
    ^
  File "D:\Git Khurshid\.venv\Lib\site-packages\telegram\_bot.py", line 4860, in get_updates
    await self._post(
    ^^^^^^^^^^^^^^^^^
    ...<7 lines>...
    ),
    ^
  File "D:\Git Khurshid\.venv\Lib\site-packages\telegram\_bot.py", line 703, in _post
    return await self._do_post(
           ^^^^^^^^^^^^^^^^^^^^
    ...<6 lines>...
    )
    ^
  File "D:\Git Khurshid\.venv\Lib\site-packages\telegram\ext\_extbot.py", line 369, in _do_post
    return await super()._do_post(
           ^^^^^^^^^^^^^^^^^^^^^^^
    ...<6 lines>...
    )
    ^
  File "D:\Git Khurshid\.venv\Lib\site-packages\telegram\_bot.py", line 732, in _do_post
    result = await request.post(
             ^^^^^^^^^^^^^^^^^^^
    ...<6 lines>...
    )
    ^
  File "D:\Git Khurshid\.venv\Lib\site-packages\telegram\request\_baserequest.py", line 198, in post
    result = await self._request_wrapper(
             ^^^^^^^^^^^^^^^^^^^^^^^^^^^^
    ...<7 lines>...
    )
    ^
  File "D:\Git Khurshid\.venv\Lib\site-packages\telegram\request\_baserequest.py", line 375, in _request_wrapper
    raise exception
telegram.error.Conflict: Conflict: terminated by other getUpdates request; make sure that only one bot instance is running
2026-02-23 12:29:14,158 [INFO] httpx: HTTP Request: POST https://api.telegram.org/bot8327396461:AAHqdn7ioqlwEF01CE9L7U10oi6JuNoyq_s/getUpdates "HTTP/1.1 409 Conflict"
2026-02-23 12:29:14,159 [ERROR] telegram.ext.Application: No error handlers are registered, logging exception.
Traceback (most recent call last):
  File "D:\Git Khurshid\.venv\Lib\site-packages\telegram\ext\_utils\networkloop.py", line 161, in network_retry_loop
    await do_action()
  File "D:\Git Khurshid\.venv\Lib\site-packages\telegram\ext\_utils\networkloop.py", line 154, in do_action
    action_cb_task.result()
    ~~~~~~~~~~~~~~~~~~~~~^^
  File "D:\Git Khurshid\.venv\Lib\site-packages\telegram\ext\_updater.py", line 340, in polling_action_cb
    updates = await self.bot.get_updates(
              ^^^^^^^^^^^^^^^^^^^^^^^^^^^
    ...<3 lines>...
    )
    ^
  File "D:\Git Khurshid\.venv\Lib\site-packages\telegram\ext\_extbot.py", line 671, in get_updates
    updates = await super().get_updates(
              ^^^^^^^^^^^^^^^^^^^^^^^^^^
    ...<9 lines>...
    )
    ^
  File "D:\Git Khurshid\.venv\Lib\site-packages\telegram\_bot.py", line 4860, in get_updates
    await self._post(
    ^^^^^^^^^^^^^^^^^
    ...<7 lines>...
    ),
    ^
  File "D:\Git Khurshid\.venv\Lib\site-packages\telegram\_bot.py", line 703, in _post
    return await self._do_post(
           ^^^^^^^^^^^^^^^^^^^^
    ...<6 lines>...
    )
    ^
  File "D:\Git Khurshid\.venv\Lib\site-packages\telegram\ext\_extbot.py", line 369, in _do_post
    return await super()._do_post(
           ^^^^^^^^^^^^^^^^^^^^^^^
    ...<6 lines>...
    )
    ^
  File "D:\Git Khurshid\.venv\Lib\site-packages\telegram\_bot.py", line 732, in _do_post
    result = await request.post(
             ^^^^^^^^^^^^^^^^^^^
    ...<6 lines>...
    )
    ^
  File "D:\Git Khurshid\.venv\Lib\site-packages\telegram\request\_baserequest.py", line 198, in post
    result = await self._request_wrapper(
             ^^^^^^^^^^^^^^^^^^^^^^^^^^^^
    ...<7 lines>...
    )
    ^
  File "D:\Git Khurshid\.venv\Lib\site-packages\telegram\request\_baserequest.py", line 375, in _request_wrapper
    raise exception
telegram.error.Conflict: Conflict: terminated by other getUpdates request; make sure that only one bot instance is running
2026-02-23 12:29:15,274 [INFO] httpx: HTTP Request: POST https://api.telegram.org/bot8327396461:AAHqdn7ioqlwEF01CE9L7U10oi6JuNoyq_s/getUpdates "HTTP/1.1 409 Conflict"
2026-02-23 12:29:15,276 [ERROR] telegram.ext.Application: No error handlers are registered, logging exception.
Traceback (most recent call last):
  File "D:\Git Khurshid\.venv\Lib\site-packages\telegram\ext\_utils\networkloop.py", line 161, in network_retry_loop
    await do_action()
  File "D:\Git Khurshid\.venv\Lib\site-packages\telegram\ext\_utils\networkloop.py", line 154, in do_action
    action_cb_task.result()
    ~~~~~~~~~~~~~~~~~~~~~^^
  File "D:\Git Khurshid\.venv\Lib\site-packages\telegram\ext\_updater.py", line 340, in polling_action_cb
    updates = await self.bot.get_updates(
              ^^^^^^^^^^^^^^^^^^^^^^^^^^^
    ...<3 lines>...
    )
    ^
  File "D:\Git Khurshid\.venv\Lib\site-packages\telegram\ext\_extbot.py", line 671, in get_updates
    updates = await super().get_updates(
              ^^^^^^^^^^^^^^^^^^^^^^^^^^
    ...<9 lines>...
    )
    ^
  File "D:\Git Khurshid\.venv\Lib\site-packages\telegram\_bot.py", line 4860, in get_updates
    await self._post(
    ^^^^^^^^^^^^^^^^^
    ...<7 lines>...
    ),
    ^
  File "D:\Git Khurshid\.venv\Lib\site-packages\telegram\_bot.py", line 703, in _post
    return await self._do_post(
           ^^^^^^^^^^^^^^^^^^^^
    ...<6 lines>...
    )
    ^
  File "D:\Git Khurshid\.venv\Lib\site-packages\telegram\ext\_extbot.py", line 369, in _do_post
    return await super()._do_post(
           ^^^^^^^^^^^^^^^^^^^^^^^
    ...<6 lines>...
    )
    ^
  File "D:\Git Khurshid\.venv\Lib\site-packages\telegram\_bot.py", line 732, in _do_post
    result = await request.post(
             ^^^^^^^^^^^^^^^^^^^
    ...<6 lines>...
    )
    ^
  File "D:\Git Khurshid\.venv\Lib\site-packages\telegram\request\_baserequest.py", line 198, in post
    result = await self._request_wrapper(
             ^^^^^^^^^^^^^^^^^^^^^^^^^^^^
    ...<7 lines>...
    )
    ^
  File "D:\Git Khurshid\.venv\Lib\site-packages\telegram\request\_baserequest.py", line 375, in _request_wrapper
    raise exception
telegram.error.Conflict: Conflict: terminated by other getUpdates request; make sure that only one bot instance is running
2026-02-23 12:29:19,892 [INFO] httpx: HTTP Request: POST https://api.telegram.org/bot8327396461:AAHqdn7ioqlwEF01CE9L7U10oi6JuNoyq_s/getUpdates "HTTP/1.1 409 Conflict"
2026-02-23 12:29:19,894 [ERROR] telegram.ext.Application: No error handlers are registered, logging exception.
Traceback (most recent call last):
  File "D:\Git Khurshid\.venv\Lib\site-packages\telegram\ext\_utils\networkloop.py", line 161, in network_retry_loop
    await do_action()
  File "D:\Git Khurshid\.venv\Lib\site-packages\telegram\ext\_utils\networkloop.py", line 154, in do_action
    action_cb_task.result()
    ~~~~~~~~~~~~~~~~~~~~~^^
  File "D:\Git Khurshid\.venv\Lib\site-packages\telegram\ext\_updater.py", line 340, in polling_action_cb
    updates = await self.bot.get_updates(
              ^^^^^^^^^^^^^^^^^^^^^^^^^^^
    ...<3 lines>...
    )
    ^
  File "D:\Git Khurshid\.venv\Lib\site-packages\telegram\ext\_extbot.py", line 671, in get_updates
    updates = await super().get_updates(
              ^^^^^^^^^^^^^^^^^^^^^^^^^^
    ...<9 lines>...
    )
    ^
  File "D:\Git Khurshid\.venv\Lib\site-packages\telegram\_bot.py", line 4860, in get_updates
    await self._post(
    ^^^^^^^^^^^^^^^^^
    ...<7 lines>...
    ),
    ^
  File "D:\Git Khurshid\.venv\Lib\site-packages\telegram\_bot.py", line 703, in _post
    return await self._do_post(
           ^^^^^^^^^^^^^^^^^^^^
    ...<6 lines>...
    )
    ^
  File "D:\Git Khurshid\.venv\Lib\site-packages\telegram\ext\_extbot.py", line 369, in _do_post
    return await super()._do_post(
           ^^^^^^^^^^^^^^^^^^^^^^^
    ...<6 lines>...
    )
    ^
  File "D:\Git Khurshid\.venv\Lib\site-packages\telegram\_bot.py", line 732, in _do_post
    result = await request.post(
             ^^^^^^^^^^^^^^^^^^^
    ...<6 lines>...
    )
    ^
  File "D:\Git Khurshid\.venv\Lib\site-packages\telegram\request\_baserequest.py", line 198, in post
    result = await self._request_wrapper(
             ^^^^^^^^^^^^^^^^^^^^^^^^^^^^
    ...<7 lines>...
    )
    ^
  File "D:\Git Khurshid\.venv\Lib\site-packages\telegram\request\_baserequest.py", line 375, in _request_wrapper
    raise exception
telegram.error.Conflict: Conflict: terminated by other getUpdates request; make sure that only one bot instance is running
2026-02-23 12:29:21,503 [INFO] httpx: HTTP Request: POST https://api.telegram.org/bot8327396461:AAHqdn7ioqlwEF01CE9L7U10oi6JuNoyq_s/getUpdates "HTTP/1.1 409 Conflict"
2026-02-23 12:29:21,505 [ERROR] telegram.ext.Application: No error handlers are registered, logging exception.
Traceback (most recent call last):
  File "D:\Git Khurshid\.venv\Lib\site-packages\telegram\ext\_utils\networkloop.py", line 161, in network_retry_loop
    await do_action()
  File "D:\Git Khurshid\.venv\Lib\site-packages\telegram\ext\_utils\networkloop.py", line 154, in do_action
    action_cb_task.result()
    ~~~~~~~~~~~~~~~~~~~~~^^
  File "D:\Git Khurshid\.venv\Lib\site-packages\telegram\ext\_updater.py", line 340, in polling_action_cb
    updates = await self.bot.get_updates(
              ^^^^^^^^^^^^^^^^^^^^^^^^^^^
    ...<3 lines>...
    )
    ^
  File "D:\Git Khurshid\.venv\Lib\site-packages\telegram\ext\_extbot.py", line 671, in get_updates
    updates = await super().get_updates(
              ^^^^^^^^^^^^^^^^^^^^^^^^^^
    ...<9 lines>...
    )
    ^
  File "D:\Git Khurshid\.venv\Lib\site-packages\telegram\_bot.py", line 4860, in get_updates
    await self._post(
    ^^^^^^^^^^^^^^^^^
    ...<7 lines>...
    ),
    ^
  File "D:\Git Khurshid\.venv\Lib\site-packages\telegram\_bot.py", line 703, in _post
    return await self._do_post(
           ^^^^^^^^^^^^^^^^^^^^
    ...<6 lines>...
    )
    ^
  File "D:\Git Khurshid\.venv\Lib\site-packages\telegram\ext\_extbot.py", line 369, in _do_post
    return await super()._do_post(
           ^^^^^^^^^^^^^^^^^^^^^^^
    ...<6 lines>...
    )
    ^
  File "D:\Git Khurshid\.venv\Lib\site-packages\telegram\_bot.py", line 732, in _do_post
    result = await request.post(
             ^^^^^^^^^^^^^^^^^^^
    ...<6 lines>...
    )
    ^
  File "D:\Git Khurshid\.venv\Lib\site-packages\telegram\request\_baserequest.py", line 198, in post
    result = await self._request_wrapper(
             ^^^^^^^^^^^^^^^^^^^^^^^^^^^^
    ...<7 lines>...
    )
    ^
  File "D:\Git Khurshid\.venv\Lib\site-packages\telegram\request\_baserequest.py", line 375, in _request_wrapper
    raise exception
telegram.error.Conflict: Conflict: terminated by other getUpdates request; make sure that only one bot instance is running
2026-02-23 12:29:26,883 [INFO] httpx: HTTP Request: POST https://api.telegram.org/bot8327396461:AAHqdn7ioqlwEF01CE9L7U10oi6JuNoyq_s/getUpdates "HTTP/1.1 409 Conflict"
2026-02-23 12:29:26,885 [ERROR] telegram.ext.Application: No error handlers are registered, logging exception.
Traceback (most recent call last):
  File "D:\Git Khurshid\.venv\Lib\site-packages\telegram\ext\_utils\networkloop.py", line 161, in network_retry_loop
    await do_action()
  File "D:\Git Khurshid\.venv\Lib\site-packages\telegram\ext\_utils\networkloop.py", line 154, in do_action
    action_cb_task.result()
    ~~~~~~~~~~~~~~~~~~~~~^^
  File "D:\Git Khurshid\.venv\Lib\site-packages\telegram\ext\_updater.py", line 340, in polling_action_cb
    updates = await self.bot.get_updates(
              ^^^^^^^^^^^^^^^^^^^^^^^^^^^
    ...<3 lines>...
    )
    ^
  File "D:\Git Khurshid\.venv\Lib\site-packages\telegram\ext\_extbot.py", line 671, in get_updates
    updates = await super().get_updates(
              ^^^^^^^^^^^^^^^^^^^^^^^^^^
    ...<9 lines>...
    )
    ^
  File "D:\Git Khurshid\.venv\Lib\site-packages\telegram\_bot.py", line 4860, in get_updates
    await self._post(
    ^^^^^^^^^^^^^^^^^
    ...<7 lines>...
    ),
    ^
  File "D:\Git Khurshid\.venv\Lib\site-packages\telegram\_bot.py", line 703, in _post
    return await self._do_post(
           ^^^^^^^^^^^^^^^^^^^^
    ...<6 lines>...
    )
    ^
  File "D:\Git Khurshid\.venv\Lib\site-packages\telegram\ext\_extbot.py", line 369, in _do_post
    return await super()._do_post(
           ^^^^^^^^^^^^^^^^^^^^^^^
    ...<6 lines>...
    )
    ^
  File "D:\Git Khurshid\.venv\Lib\site-packages\telegram\_bot.py", line 732, in _do_post
    result = await request.post(
             ^^^^^^^^^^^^^^^^^^^
    ...<6 lines>...
    )
    ^
  File "D:\Git Khurshid\.venv\Lib\site-packages\telegram\request\_baserequest.py", line 198, in post
    result = await self._request_wrapper(
             ^^^^^^^^^^^^^^^^^^^^^^^^^^^^
    ...<7 lines>...
    )
    ^
  File "D:\Git Khurshid\.venv\Lib\site-packages\telegram\request\_baserequest.py", line 375, in _request_wrapper
    raise exception
telegram.error.Conflict: Conflict: terminated by other getUpdates request; make sure that only one bot instance is running
2026-02-23 12:29:29,257 [INFO] httpx: HTTP Request: POST https://api.telegram.org/bot8327396461:AAHqdn7ioqlwEF01CE9L7U10oi6JuNoyq_s/getUpdates "HTTP/1.1 409 Conflict"
2026-02-23 12:29:29,259 [ERROR] telegram.ext.Application: No error handlers are registered, logging exception.
Traceback (most recent call last):
  File "D:\Git Khurshid\.venv\Lib\site-packages\telegram\ext\_utils\networkloop.py", line 161, in network_retry_loop
    await do_action()
  File "D:\Git Khurshid\.venv\Lib\site-packages\telegram\ext\_utils\networkloop.py", line 154, in do_action
    action_cb_task.result()
    ~~~~~~~~~~~~~~~~~~~~~^^
  File "D:\Git Khurshid\.venv\Lib\site-packages\telegram\ext\_updater.py", line 340, in polling_action_cb
    updates = await self.bot.get_updates(
              ^^^^^^^^^^^^^^^^^^^^^^^^^^^
    ...<3 lines>...
    )
    ^
  File "D:\Git Khurshid\.venv\Lib\site-packages\telegram\ext\_extbot.py", line 671, in get_updates
    updates = await super().get_updates(
              ^^^^^^^^^^^^^^^^^^^^^^^^^^
    ...<9 lines>...
    )
    ^
  File "D:\Git Khurshid\.venv\Lib\site-packages\telegram\_bot.py", line 4860, in get_updates
    await self._post(
    ^^^^^^^^^^^^^^^^^
    ...<7 lines>...
    ),
    ^
  File "D:\Git Khurshid\.venv\Lib\site-packages\telegram\_bot.py", line 703, in _post
    return await self._do_post(
           ^^^^^^^^^^^^^^^^^^^^
    ...<6 lines>...
    )
    ^
  File "D:\Git Khurshid\.venv\Lib\site-packages\telegram\ext\_extbot.py", line 369, in _do_post
    return await super()._do_post(
           ^^^^^^^^^^^^^^^^^^^^^^^
    ...<6 lines>...
    )
    ^
  File "D:\Git Khurshid\.venv\Lib\site-packages\telegram\_bot.py", line 732, in _do_post
    result = await request.post(
             ^^^^^^^^^^^^^^^^^^^
    ...<6 lines>...
    )
    ^
  File "D:\Git Khurshid\.venv\Lib\site-packages\telegram\request\_baserequest.py", line 198, in post
    result = await self._request_wrapper(
             ^^^^^^^^^^^^^^^^^^^^^^^^^^^^
    ...<7 lines>...
    )
    ^
  File "D:\Git Khurshid\.venv\Lib\site-packages\telegram\request\_baserequest.py", line 375, in _request_wrapper
    raise exception
telegram.error.Conflict: Conflict: terminated by other getUpdates request; make sure that only one bot instance is running
2026-02-23 12:29:32,754 [INFO] httpx: HTTP Request: POST https://api.telegram.org/bot8327396461:AAHqdn7ioqlwEF01CE9L7U10oi6JuNoyq_s/getUpdates "HTTP/1.1 409 Conflict"
2026-02-23 12:29:32,756 [ERROR] telegram.ext.Application: No error handlers are registered, logging exception.
Traceback (most recent call last):
  File "D:\Git Khurshid\.venv\Lib\site-packages\telegram\ext\_utils\networkloop.py", line 161, in network_retry_loop
    await do_action()
  File "D:\Git Khurshid\.venv\Lib\site-packages\telegram\ext\_utils\networkloop.py", line 154, in do_action
    action_cb_task.result()
    ~~~~~~~~~~~~~~~~~~~~~^^
  File "D:\Git Khurshid\.venv\Lib\site-packages\telegram\ext\_updater.py", line 340, in polling_action_cb
    updates = await self.bot.get_updates(
              ^^^^^^^^^^^^^^^^^^^^^^^^^^^
    ...<3 lines>...
    )
    ^
  File "D:\Git Khurshid\.venv\Lib\site-packages\telegram\ext\_extbot.py", line 671, in get_updates
    updates = await super().get_updates(
              ^^^^^^^^^^^^^^^^^^^^^^^^^^
    ...<9 lines>...
    )
    ^
  File "D:\Git Khurshid\.venv\Lib\site-packages\telegram\_bot.py", line 4860, in get_updates
    await self._post(
    ^^^^^^^^^^^^^^^^^
    ...<7 lines>...
    ),
    ^
  File "D:\Git Khurshid\.venv\Lib\site-packages\telegram\_bot.py", line 703, in _post
    return await self._do_post(
           ^^^^^^^^^^^^^^^^^^^^
    ...<6 lines>...
    )
    ^
  File "D:\Git Khurshid\.venv\Lib\site-packages\telegram\ext\_extbot.py", line 369, in _do_post
    return await super()._do_post(
           ^^^^^^^^^^^^^^^^^^^^^^^
    ...<6 lines>...
    )
    ^
  File "D:\Git Khurshid\.venv\Lib\site-packages\telegram\_bot.py", line 732, in _do_post
    result = await request.post(
             ^^^^^^^^^^^^^^^^^^^
    ...<6 lines>...
    )
    ^
  File "D:\Git Khurshid\.venv\Lib\site-packages\telegram\request\_baserequest.py", line 198, in post
    result = await self._request_wrapper(
             ^^^^^^^^^^^^^^^^^^^^^^^^^^^^
    ...<7 lines>...
    )
    ^
  File "D:\Git Khurshid\.venv\Lib\site-packages\telegram\request\_baserequest.py", line 375, in _request_wrapper
    raise exception
telegram.error.Conflict: Conflict: terminated by other getUpdates request; make sure that only one bot instance is running
2026-02-23 12:29:36,244 [INFO] httpx: HTTP Request: POST https://api.telegram.org/bot8327396461:AAHqdn7ioqlwEF01CE9L7U10oi6JuNoyq_s/getUpdates "HTTP/1.1 409 Conflict"
2026-02-23 12:29:36,247 [ERROR] telegram.ext.Application: No error handlers are registered, logging exception.
Traceback (most recent call last):
  File "D:\Git Khurshid\.venv\Lib\site-packages\telegram\ext\_utils\networkloop.py", line 161, in network_retry_loop
    await do_action()
  File "D:\Git Khurshid\.venv\Lib\site-packages\telegram\ext\_utils\networkloop.py", line 154, in do_action
    action_cb_task.result()
    ~~~~~~~~~~~~~~~~~~~~~^^
  File "D:\Git Khurshid\.venv\Lib\site-packages\telegram\ext\_updater.py", line 340, in polling_action_cb
    updates = await self.bot.get_updates(
              ^^^^^^^^^^^^^^^^^^^^^^^^^^^
    ...<3 lines>...
    )
    ^
  File "D:\Git Khurshid\.venv\Lib\site-packages\telegram\ext\_extbot.py", line 671, in get_updates
    updates = await super().get_updates(
              ^^^^^^^^^^^^^^^^^^^^^^^^^^
    ...<9 lines>...
    )
    ^
  File "D:\Git Khurshid\.venv\Lib\site-packages\telegram\_bot.py", line 4860, in get_updates
    await self._post(
    ^^^^^^^^^^^^^^^^^
    ...<7 lines>...
    ),
    ^
  File "D:\Git Khurshid\.venv\Lib\site-packages\telegram\_bot.py", line 703, in _post
    return await self._do_post(
           ^^^^^^^^^^^^^^^^^^^^
    ...<6 lines>...
    )
    ^
  File "D:\Git Khurshid\.venv\Lib\site-packages\telegram\ext\_extbot.py", line 369, in _do_post
    return await super()._do_post(
           ^^^^^^^^^^^^^^^^^^^^^^^
    ...<6 lines>...
    )
    ^
  File "D:\Git Khurshid\.venv\Lib\site-packages\telegram\_bot.py", line 732, in _do_post
    result = await request.post(
             ^^^^^^^^^^^^^^^^^^^
    ...<6 lines>...
    )
    ^
  File "D:\Git Khurshid\.venv\Lib\site-packages\telegram\request\_baserequest.py", line 198, in post
    result = await self._request_wrapper(
             ^^^^^^^^^^^^^^^^^^^^^^^^^^^^
    ...<7 lines>...
    )
    ^
  File "D:\Git Khurshid\.venv\Lib\site-packages\telegram\request\_baserequest.py", line 375, in _request_wrapper
    raise exception
telegram.error.Conflict: Conflict: terminated by other getUpdates request; make sure that only one bot instance is running
2026-02-23 12:29:41,636 [INFO] httpx: HTTP Request: POST https://api.telegram.org/bot8327396461:AAHqdn7ioqlwEF01CE9L7U10oi6JuNoyq_s/getUpdates "HTTP/1.1 409 Conflict"
2026-02-23 12:29:41,638 [ERROR] telegram.ext.Application: No error handlers are registered, logging exception.
Traceback (most recent call last):
  File "D:\Git Khurshid\.venv\Lib\site-packages\telegram\ext\_utils\networkloop.py", line 161, in network_retry_loop
    await do_action()
  File "D:\Git Khurshid\.venv\Lib\site-packages\telegram\ext\_utils\networkloop.py", line 154, in do_action
    action_cb_task.result()
    ~~~~~~~~~~~~~~~~~~~~~^^
  File "D:\Git Khurshid\.venv\Lib\site-packages\telegram\ext\_updater.py", line 340, in polling_action_cb
    updates = await self.bot.get_updates(
              ^^^^^^^^^^^^^^^^^^^^^^^^^^^
    ...<3 lines>...
    )
    ^
  File "D:\Git Khurshid\.venv\Lib\site-packages\telegram\ext\_extbot.py", line 671, in get_updates
    updates = await super().get_updates(
              ^^^^^^^^^^^^^^^^^^^^^^^^^^
    ...<9 lines>...
    )
    ^
  File "D:\Git Khurshid\.venv\Lib\site-packages\telegram\_bot.py", line 4860, in get_updates
    await self._post(
    ^^^^^^^^^^^^^^^^^
    ...<7 lines>...
    ),
    ^
  File "D:\Git Khurshid\.venv\Lib\site-packages\telegram\_bot.py", line 703, in _post
    return await self._do_post(
           ^^^^^^^^^^^^^^^^^^^^
    ...<6 lines>...
    )
    ^
  File "D:\Git Khurshid\.venv\Lib\site-packages\telegram\ext\_extbot.py", line 369, in _do_post
    return await super()._do_post(
           ^^^^^^^^^^^^^^^^^^^^^^^
    ...<6 lines>...
    )
    ^
  File "D:\Git Khurshid\.venv\Lib\site-packages\telegram\_bot.py", line 732, in _do_post
    result = await request.post(
             ^^^^^^^^^^^^^^^^^^^
    ...<6 lines>...
    )
    ^
  File "D:\Git Khurshid\.venv\Lib\site-packages\telegram\request\_baserequest.py", line 198, in post
    result = await self._request_wrapper(
             ^^^^^^^^^^^^^^^^^^^^^^^^^^^^
    ...<7 lines>...
    )
    ^
  File "D:\Git Khurshid\.venv\Lib\site-packages\telegram\request\_baserequest.py", line 375, in _request_wrapper
    raise exception
telegram.error.Conflict: Conflict: terminated by other getUpdates request; make sure that only one bot instance is running
2026-02-23 12:29:47,032 [INFO] httpx: HTTP Request: POST https://api.telegram.org/bot8327396461:AAHqdn7ioqlwEF01CE9L7U10oi6JuNoyq_s/getUpdates "HTTP/1.1 409 Conflict"
2026-02-23 12:29:47,033 [ERROR] telegram.ext.Application: No error handlers are registered, logging exception.
Traceback (most recent call last):
  File "D:\Git Khurshid\.venv\Lib\site-packages\telegram\ext\_utils\networkloop.py", line 161, in network_retry_loop
    await do_action()
  File "D:\Git Khurshid\.venv\Lib\site-packages\telegram\ext\_utils\networkloop.py", line 154, in do_action
    action_cb_task.result()
    ~~~~~~~~~~~~~~~~~~~~~^^
  File "D:\Git Khurshid\.venv\Lib\site-packages\telegram\ext\_updater.py", line 340, in polling_action_cb
    updates = await self.bot.get_updates(
              ^^^^^^^^^^^^^^^^^^^^^^^^^^^
    ...<3 lines>...
    )
    ^
  File "D:\Git Khurshid\.venv\Lib\site-packages\telegram\ext\_extbot.py", line 671, in get_updates
    updates = await super().get_updates(
              ^^^^^^^^^^^^^^^^^^^^^^^^^^
    ...<9 lines>...
    )
    ^
  File "D:\Git Khurshid\.venv\Lib\site-packages\telegram\_bot.py", line 4860, in get_updates
    await self._post(
    ^^^^^^^^^^^^^^^^^
    ...<7 lines>...
    ),
    ^
  File "D:\Git Khurshid\.venv\Lib\site-packages\telegram\_bot.py", line 703, in _post
    return await self._do_post(
           ^^^^^^^^^^^^^^^^^^^^
    ...<6 lines>...
    )
    ^
  File "D:\Git Khurshid\.venv\Lib\site-packages\telegram\ext\_extbot.py", line 369, in _do_post
    return await super()._do_post(
           ^^^^^^^^^^^^^^^^^^^^^^^
    ...<6 lines>...
    )
    ^
  File "D:\Git Khurshid\.venv\Lib\site-packages\telegram\_bot.py", line 732, in _do_post
    result = await request.post(
             ^^^^^^^^^^^^^^^^^^^
    ...<6 lines>...
    )
    ^
  File "D:\Git Khurshid\.venv\Lib\site-packages\telegram\request\_baserequest.py", line 198, in post
    result = await self._request_wrapper(
             ^^^^^^^^^^^^^^^^^^^^^^^^^^^^
    ...<7 lines>...
    )
    ^
  File "D:\Git Khurshid\.venv\Lib\site-packages\telegram\request\_baserequest.py", line 375, in _request_wrapper
    raise exception
telegram.error.Conflict: Conflict: terminated by other getUpdates request; make sure that only one bot instance is running
2026-02-23 12:29:55,060 [INFO] httpx: HTTP Request: POST https://api.telegram.org/bot8327396461:AAHqdn7ioqlwEF01CE9L7U10oi6JuNoyq_s/getUpdates "HTTP/1.1 409 Conflict"
2026-02-23 12:29:55,061 [ERROR] telegram.ext.Application: No error handlers are registered, logging exception.
Traceback (most recent call last):
  File "D:\Git Khurshid\.venv\Lib\site-packages\telegram\ext\_utils\networkloop.py", line 161, in network_retry_loop
    await do_action()
  File "D:\Git Khurshid\.venv\Lib\site-packages\telegram\ext\_utils\networkloop.py", line 154, in do_action
    action_cb_task.result()
    ~~~~~~~~~~~~~~~~~~~~~^^
  File "D:\Git Khurshid\.venv\Lib\site-packages\telegram\ext\_updater.py", line 340, in polling_action_cb
    updates = await self.bot.get_updates(
              ^^^^^^^^^^^^^^^^^^^^^^^^^^^
    ...<3 lines>...
    )
    ^
  File "D:\Git Khurshid\.venv\Lib\site-packages\telegram\ext\_extbot.py", line 671, in get_updates
    updates = await super().get_updates(
              ^^^^^^^^^^^^^^^^^^^^^^^^^^
    ...<9 lines>...
    )
    ^
  File "D:\Git Khurshid\.venv\Lib\site-packages\telegram\_bot.py", line 4860, in get_updates
    await self._post(
    ^^^^^^^^^^^^^^^^^
    ...<7 lines>...
    ),
    ^
  File "D:\Git Khurshid\.venv\Lib\site-packages\telegram\_bot.py", line 703, in _post
    return await self._do_post(
           ^^^^^^^^^^^^^^^^^^^^
    ...<6 lines>...
    )
    ^
  File "D:\Git Khurshid\.venv\Lib\site-packages\telegram\ext\_extbot.py", line 369, in _do_post
    return await super()._do_post(
           ^^^^^^^^^^^^^^^^^^^^^^^
    ...<6 lines>...
    )
    ^
  File "D:\Git Khurshid\.venv\Lib\site-packages\telegram\_bot.py", line 732, in _do_post
    result = await request.post(
             ^^^^^^^^^^^^^^^^^^^
    ...<6 lines>...
    )
    ^
  File "D:\Git Khurshid\.venv\Lib\site-packages\telegram\request\_baserequest.py", line 198, in post
    result = await self._request_wrapper(
             ^^^^^^^^^^^^^^^^^^^^^^^^^^^^
    ...<7 lines>...
    )
    ^
  File "D:\Git Khurshid\.venv\Lib\site-packages\telegram\request\_baserequest.py", line 375, in _request_wrapper
    raise exception
telegram.error.Conflict: Conflict: terminated by other getUpdates request; make sure that only one bot instance is running
2026-02-23 12:30:02,988 [INFO] httpx: HTTP Request: POST https://api.telegram.org/bot8327396461:AAHqdn7ioqlwEF01CE9L7U10oi6JuNoyq_s/getUpdates "HTTP/1.1 409 Conflict"
2026-02-23 12:30:02,990 [ERROR] telegram.ext.Application: No error handlers are registered, logging exception.
Traceback (most recent call last):
  File "D:\Git Khurshid\.venv\Lib\site-packages\telegram\ext\_utils\networkloop.py", line 161, in network_retry_loop
    await do_action()
  File "D:\Git Khurshid\.venv\Lib\site-packages\telegram\ext\_utils\networkloop.py", line 154, in do_action
    action_cb_task.result()
    ~~~~~~~~~~~~~~~~~~~~~^^
  File "D:\Git Khurshid\.venv\Lib\site-packages\telegram\ext\_updater.py", line 340, in polling_action_cb
    updates = await self.bot.get_updates(
              ^^^^^^^^^^^^^^^^^^^^^^^^^^^
    ...<3 lines>...
    )
    ^
  File "D:\Git Khurshid\.venv\Lib\site-packages\telegram\ext\_extbot.py", line 671, in get_updates
    updates = await super().get_updates(
              ^^^^^^^^^^^^^^^^^^^^^^^^^^
    ...<9 lines>...
    )
    ^
  File "D:\Git Khurshid\.venv\Lib\site-packages\telegram\_bot.py", line 4860, in get_updates
    await self._post(
    ^^^^^^^^^^^^^^^^^
    ...<7 lines>...
    ),
    ^
  File "D:\Git Khurshid\.venv\Lib\site-packages\telegram\_bot.py", line 703, in _post
    return await self._do_post(
           ^^^^^^^^^^^^^^^^^^^^
    ...<6 lines>...
    )
    ^
  File "D:\Git Khurshid\.venv\Lib\site-packages\telegram\ext\_extbot.py", line 369, in _do_post
    return await super()._do_post(
           ^^^^^^^^^^^^^^^^^^^^^^^
    ...<6 lines>...
    )
    ^
  File "D:\Git Khurshid\.venv\Lib\site-packages\telegram\_bot.py", line 732, in _do_post
    result = await request.post(
             ^^^^^^^^^^^^^^^^^^^
    ...<6 lines>...
    )
    ^
  File "D:\Git Khurshid\.venv\Lib\site-packages\telegram\request\_baserequest.py", line 198, in post
    result = await self._request_wrapper(
             ^^^^^^^^^^^^^^^^^^^^^^^^^^^^
    ...<7 lines>...
    )
    ^
  File "D:\Git Khurshid\.venv\Lib\site-packages\telegram\request\_baserequest.py", line 375, in _request_wrapper
    raise exception
telegram.error.Conflict: Conflict: terminated by other getUpdates request; make sure that only one bot instance is running
2026-02-23 12:30:53,398 [INFO] __main__: 🌐 Дашборд: http://localhost:5050
2026-02-23 12:30:53,419 [INFO] werkzeug: [31m[1mWARNING: This is a development server. Do not use it in a production deployment. Use a production WSGI server instead.[0m
 * Running on all addresses (0.0.0.0)
 * Running on http://127.0.0.1:5050
 * Running on http://192.168.1.59:5050
2026-02-23 12:30:53,420 [INFO] werkzeug: [33mPress CTRL+C to quit[0m
2026-02-23 12:30:53,454 [INFO] werkzeug: 127.0.0.1 - - [23/Feb/2026 12:30:53] "GET /api/stream HTTP/1.1" 200 -
2026-02-23 12:30:53,469 [INFO] werkzeug: 127.0.0.1 - - [23/Feb/2026 12:30:53] "GET /api/stream HTTP/1.1" 200 -
2026-02-23 12:30:53,548 [INFO] werkzeug: 127.0.0.1 - - [23/Feb/2026 12:30:53] "GET /api/stream HTTP/1.1" 200 -
2026-02-23 12:30:53,586 [INFO] werkzeug: 127.0.0.1 - - [23/Feb/2026 12:30:53] "GET /api/stream HTTP/1.1" 200 -
2026-02-23 12:30:53,626 [INFO] werkzeug: 127.0.0.1 - - [23/Feb/2026 12:30:53] "GET /api/stream HTTP/1.1" 200 -
2026-02-23 12:30:53,642 [INFO] werkzeug: 127.0.0.1 - - [23/Feb/2026 12:30:53] "GET /api/stream HTTP/1.1" 200 -
2026-02-23 12:30:53,757 [INFO] apscheduler.scheduler: Adding job tentatively -- it will be properly scheduled when the scheduler starts
2026-02-23 12:30:53,758 [INFO] __main__: 🚀 Pearl Bot запущен!
2026-02-23 12:30:53,767 [INFO] werkzeug: 127.0.0.1 - - [23/Feb/2026 12:30:53] "GET /api/stream HTTP/1.1" 200 -
2026-02-23 12:30:53,785 [INFO] werkzeug: 127.0.0.1 - - [23/Feb/2026 12:30:53] "GET /api/stream HTTP/1.1" 200 -
2026-02-23 12:30:53,786 [INFO] werkzeug: 127.0.0.1 - - [23/Feb/2026 12:30:53] "GET /api/stream HTTP/1.1" 200 -
2026-02-23 12:30:53,787 [INFO] werkzeug: 127.0.0.1 - - [23/Feb/2026 12:30:53] "GET /api/stream HTTP/1.1" 200 -
2026-02-23 12:30:53,801 [INFO] werkzeug: 127.0.0.1 - - [23/Feb/2026 12:30:53] "GET /api/stream HTTP/1.1" 200 -
2026-02-23 12:30:53,814 [INFO] werkzeug: 127.0.0.1 - - [23/Feb/2026 12:30:53] "GET /api/stream HTTP/1.1" 200 -
2026-02-23 12:30:54,250 [INFO] httpx: HTTP Request: POST https://api.telegram.org/bot8327396461:AAHqdn7ioqlwEF01CE9L7U10oi6JuNoyq_s/getMe "HTTP/1.1 200 OK"
2026-02-23 12:30:54,252 [INFO] __main__: Telegram loop registered
2026-02-23 12:30:54,356 [INFO] httpx: HTTP Request: POST https://api.telegram.org/bot8327396461:AAHqdn7ioqlwEF01CE9L7U10oi6JuNoyq_s/deleteWebhook "HTTP/1.1 200 OK"
2026-02-23 12:30:54,361 [INFO] apscheduler.scheduler: Added job "scheduled_weekly_report" to job store "default"
2026-02-23 12:30:54,362 [INFO] apscheduler.scheduler: Scheduler started
2026-02-23 12:30:54,363 [INFO] telegram.ext.Application: Application started
2026-02-23 12:31:04,701 [INFO] httpx: HTTP Request: POST https://api.telegram.org/bot8327396461:AAHqdn7ioqlwEF01CE9L7U10oi6JuNoyq_s/getUpdates "HTTP/1.1 200 OK"
2026-02-23 12:31:14,817 [INFO] httpx: HTTP Request: POST https://api.telegram.org/bot8327396461:AAHqdn7ioqlwEF01CE9L7U10oi6JuNoyq_s/getUpdates "HTTP/1.1 200 OK"
2026-02-23 12:31:21,370 [INFO] werkzeug: 127.0.0.1 - - [23/Feb/2026 12:31:21] "GET /api/stream HTTP/1.1" 200 -
2026-02-23 12:31:21,374 [INFO] werkzeug: 127.0.0.1 - - [23/Feb/2026 12:31:21] "GET /api/stream HTTP/1.1" 200 -
2026-02-23 12:31:21,376 [INFO] werkzeug: 127.0.0.1 - - [23/Feb/2026 12:31:21] "GET /api/stream HTTP/1.1" 200 -
2026-02-23 12:31:21,378 [INFO] werkzeug: 127.0.0.1 - - [23/Feb/2026 12:31:21] "GET /api/stream HTTP/1.1" 200 -
2026-02-23 12:31:21,381 [INFO] werkzeug: 127.0.0.1 - - [23/Feb/2026 12:31:21] "GET /api/stream HTTP/1.1" 200 -
2026-02-23 12:31:21,382 [INFO] werkzeug: 127.0.0.1 - - [23/Feb/2026 12:31:21] "GET /api/stream HTTP/1.1" 200 -
2026-02-23 12:31:24,992 [INFO] httpx: HTTP Request: POST https://api.telegram.org/bot8327396461:AAHqdn7ioqlwEF01CE9L7U10oi6JuNoyq_s/getUpdates "HTTP/1.1 200 OK"
2026-02-23 12:31:35,110 [INFO] httpx: HTTP Request: POST https://api.telegram.org/bot8327396461:AAHqdn7ioqlwEF01CE9L7U10oi6JuNoyq_s/getUpdates "HTTP/1.1 200 OK"
2026-02-23 12:31:45,225 [INFO] httpx: HTTP Request: POST https://api.telegram.org/bot8327396461:AAHqdn7ioqlwEF01CE9L7U10oi6JuNoyq_s/getUpdates "HTTP/1.1 200 OK"
2026-02-23 12:31:55,343 [INFO] httpx: HTTP Request: POST https://api.telegram.org/bot8327396461:AAHqdn7ioqlwEF01CE9L7U10oi6JuNoyq_s/getUpdates "HTTP/1.1 200 OK"
2026-02-23 12:32:05,463 [INFO] httpx: HTTP Request: POST https://api.telegram.org/bot8327396461:AAHqdn7ioqlwEF01CE9L7U10oi6JuNoyq_s/getUpdates "HTTP/1.1 200 OK"
2026-02-23 12:32:15,579 [INFO] httpx: HTTP Request: POST https://api.telegram.org/bot8327396461:AAHqdn7ioqlwEF01CE9L7U10oi6JuNoyq_s/getUpdates "HTTP/1.1 200 OK"
2026-02-23 12:32:25,698 [INFO] httpx: HTTP Request: POST https://api.telegram.org/bot8327396461:AAHqdn7ioqlwEF01CE9L7U10oi6JuNoyq_s/getUpdates "HTTP/1.1 200 OK"
2026-02-23 12:32:35,818 [INFO] httpx: HTTP Request: POST https://api.telegram.org/bot8327396461:AAHqdn7ioqlwEF01CE9L7U10oi6JuNoyq_s/getUpdates "HTTP/1.1 200 OK"
2026-02-23 12:32:45,931 [INFO] httpx: HTTP Request: POST https://api.telegram.org/bot8327396461:AAHqdn7ioqlwEF01CE9L7U10oi6JuNoyq_s/getUpdates "HTTP/1.1 200 OK"
2026-02-23 12:32:56,056 [INFO] httpx: HTTP Request: POST https://api.telegram.org/bot8327396461:AAHqdn7ioqlwEF01CE9L7U10oi6JuNoyq_s/getUpdates "HTTP/1.1 200 OK"
2026-02-23 12:33:06,170 [INFO] httpx: HTTP Request: POST https://api.telegram.org/bot8327396461:AAHqdn7ioqlwEF01CE9L7U10oi6JuNoyq_s/getUpdates "HTTP/1.1 200 OK"
2026-02-23 12:33:16,289 [INFO] httpx: HTTP Request: POST https://api.telegram.org/bot8327396461:AAHqdn7ioqlwEF01CE9L7U10oi6JuNoyq_s/getUpdates "HTTP/1.1 200 OK"
2026-02-23 12:33:26,575 [INFO] httpx: HTTP Request: POST https://api.telegram.org/bot8327396461:AAHqdn7ioqlwEF01CE9L7U10oi6JuNoyq_s/getUpdates "HTTP/1.1 200 OK"
2026-02-23 12:33:36,694 [INFO] httpx: HTTP Request: POST https://api.telegram.org/bot8327396461:AAHqdn7ioqlwEF01CE9L7U10oi6JuNoyq_s/getUpdates "HTTP/1.1 200 OK"
2026-02-23 12:33:46,809 [INFO] httpx: HTTP Request: POST https://api.telegram.org/bot8327396461:AAHqdn7ioqlwEF01CE9L7U10oi6JuNoyq_s/getUpdates "HTTP/1.1 200 OK"
2026-02-23 12:33:56,928 [INFO] httpx: HTTP Request: POST https://api.telegram.org/bot8327396461:AAHqdn7ioqlwEF01CE9L7U10oi6JuNoyq_s/getUpdates "HTTP/1.1 200 OK"
2026-02-23 12:34:07,042 [INFO] httpx: HTTP Request: POST https://api.telegram.org/bot8327396461:AAHqdn7ioqlwEF01CE9L7U10oi6JuNoyq_s/getUpdates "HTTP/1.1 200 OK"
2026-02-23 12:34:17,154 [INFO] httpx: HTTP Request: POST https://api.telegram.org/bot8327396461:AAHqdn7ioqlwEF01CE9L7U10oi6JuNoyq_s/getUpdates "HTTP/1.1 200 OK"
2026-02-23 12:34:27,334 [INFO] httpx: HTTP Request: POST https://api.telegram.org/bot8327396461:AAHqdn7ioqlwEF01CE9L7U10oi6JuNoyq_s/getUpdates "HTTP/1.1 200 OK"
2026-02-23 12:34:37,459 [INFO] httpx: HTTP Request: POST https://api.telegram.org/bot8327396461:AAHqdn7ioqlwEF01CE9L7U10oi6JuNoyq_s/getUpdates "HTTP/1.1 200 OK"
2026-02-23 12:34:47,581 [INFO] httpx: HTTP Request: POST https://api.telegram.org/bot8327396461:AAHqdn7ioqlwEF01CE9L7U10oi6JuNoyq_s/getUpdates "HTTP/1.1 200 OK"
2026-02-23 12:34:57,693 [INFO] httpx: HTTP Request: POST https://api.telegram.org/bot8327396461:AAHqdn7ioqlwEF01CE9L7U10oi6JuNoyq_s/getUpdates "HTTP/1.1 200 OK"
2026-02-23 12:35:07,806 [INFO] httpx: HTTP Request: POST https://api.telegram.org/bot8327396461:AAHqdn7ioqlwEF01CE9L7U10oi6JuNoyq_s/getUpdates "HTTP/1.1 200 OK"
2026-02-23 12:35:17,917 [INFO] httpx: HTTP Request: POST https://api.telegram.org/bot8327396461:AAHqdn7ioqlwEF01CE9L7U10oi6JuNoyq_s/getUpdates "HTTP/1.1 200 OK"
2026-02-23 12:35:28,029 [INFO] httpx: HTTP Request: POST https://api.telegram.org/bot8327396461:AAHqdn7ioqlwEF01CE9L7U10oi6JuNoyq_s/getUpdates "HTTP/1.1 200 OK"
2026-02-23 12:35:38,164 [INFO] httpx: HTTP Request: POST https://api.telegram.org/bot8327396461:AAHqdn7ioqlwEF01CE9L7U10oi6JuNoyq_s/getUpdates "HTTP/1.1 200 OK"
2026-02-23 12:35:48,277 [INFO] httpx: HTTP Request: POST https://api.telegram.org/bot8327396461:AAHqdn7ioqlwEF01CE9L7U10oi6JuNoyq_s/getUpdates "HTTP/1.1 200 OK"
2026-02-23 12:35:58,390 [INFO] httpx: HTTP Request: POST https://api.telegram.org/bot8327396461:AAHqdn7ioqlwEF01CE9L7U10oi6JuNoyq_s/getUpdates "HTTP/1.1 200 OK"
2026-02-23 12:36:08,507 [INFO] httpx: HTTP Request: POST https://api.telegram.org/bot8327396461:AAHqdn7ioqlwEF01CE9L7U10oi6JuNoyq_s/getUpdates "HTTP/1.1 200 OK"
2026-02-23 12:36:18,623 [INFO] httpx: HTTP Request: POST https://api.telegram.org/bot8327396461:AAHqdn7ioqlwEF01CE9L7U10oi6JuNoyq_s/getUpdates "HTTP/1.1 200 OK"
2026-02-23 12:36:28,737 [INFO] httpx: HTTP Request: POST https://api.telegram.org/bot8327396461:AAHqdn7ioqlwEF01CE9L7U10oi6JuNoyq_s/getUpdates "HTTP/1.1 200 OK"
2026-02-23 12:36:38,853 [INFO] httpx: HTTP Request: POST https://api.telegram.org/bot8327396461:AAHqdn7ioqlwEF01CE9L7U10oi6JuNoyq_s/getUpdates "HTTP/1.1 200 OK"
2026-02-23 12:36:48,965 [INFO] httpx: HTTP Request: POST https://api.telegram.org/bot8327396461:AAHqdn7ioqlwEF01CE9L7U10oi6JuNoyq_s/getUpdates "HTTP/1.1 200 OK"
2026-02-23 12:36:59,075 [INFO] httpx: HTTP Request: POST https://api.telegram.org/bot8327396461:AAHqdn7ioqlwEF01CE9L7U10oi6JuNoyq_s/getUpdates "HTTP/1.1 200 OK"
2026-02-23 12:37:09,190 [INFO] httpx: HTTP Request: POST https://api.telegram.org/bot8327396461:AAHqdn7ioqlwEF01CE9L7U10oi6JuNoyq_s/getUpdates "HTTP/1.1 200 OK"
2026-02-23 12:37:19,303 [INFO] httpx: HTTP Request: POST https://api.telegram.org/bot8327396461:AAHqdn7ioqlwEF01CE9L7U10oi6JuNoyq_s/getUpdates "HTTP/1.1 200 OK"
2026-02-23 12:37:21,256 [INFO] werkzeug: 127.0.0.1 - - [23/Feb/2026 12:37:21] "GET / HTTP/1.1" 200 -
2026-02-23 12:37:21,347 [INFO] werkzeug: 127.0.0.1 - - [23/Feb/2026 12:37:21] "GET /api/config HTTP/1.1" 200 -
2026-02-23 12:37:25,434 [INFO] werkzeug: 127.0.0.1 - - [23/Feb/2026 12:37:25] "GET /api/projects HTTP/1.1" 200 -
2026-02-23 12:37:25,447 [INFO] werkzeug: 127.0.0.1 - - [23/Feb/2026 12:37:25] "GET /api/stream HTTP/1.1" 200 -
2026-02-23 12:37:29,411 [INFO] httpx: HTTP Request: POST https://api.telegram.org/bot8327396461:AAHqdn7ioqlwEF01CE9L7U10oi6JuNoyq_s/getUpdates "HTTP/1.1 200 OK"
2026-02-23 12:37:39,525 [INFO] httpx: HTTP Request: POST https://api.telegram.org/bot8327396461:AAHqdn7ioqlwEF01CE9L7U10oi6JuNoyq_s/getUpdates "HTTP/1.1 200 OK"
2026-02-23 12:37:49,639 [INFO] httpx: HTTP Request: POST https://api.telegram.org/bot8327396461:AAHqdn7ioqlwEF01CE9L7U10oi6JuNoyq_s/getUpdates "HTTP/1.1 200 OK"
2026-02-23 12:37:59,752 [INFO] httpx: HTTP Request: POST https://api.telegram.org/bot8327396461:AAHqdn7ioqlwEF01CE9L7U10oi6JuNoyq_s/getUpdates "HTTP/1.1 200 OK"
2026-02-23 12:38:09,865 [INFO] httpx: HTTP Request: POST https://api.telegram.org/bot8327396461:AAHqdn7ioqlwEF01CE9L7U10oi6JuNoyq_s/getUpdates "HTTP/1.1 200 OK"
2026-02-23 12:38:19,977 [INFO] httpx: HTTP Request: POST https://api.telegram.org/bot8327396461:AAHqdn7ioqlwEF01CE9L7U10oi6JuNoyq_s/getUpdates "HTTP/1.1 200 OK"
2026-02-23 12:38:30,090 [INFO] httpx: HTTP Request: POST https://api.telegram.org/bot8327396461:AAHqdn7ioqlwEF01CE9L7U10oi6JuNoyq_s/getUpdates "HTTP/1.1 200 OK"
2026-02-23 12:38:40,205 [INFO] httpx: HTTP Request: POST https://api.telegram.org/bot8327396461:AAHqdn7ioqlwEF01CE9L7U10oi6JuNoyq_s/getUpdates "HTTP/1.1 200 OK"
2026-02-23 12:38:50,316 [INFO] httpx: HTTP Request: POST https://api.telegram.org/bot8327396461:AAHqdn7ioqlwEF01CE9L7U10oi6JuNoyq_s/getUpdates "HTTP/1.1 200 OK"
2026-02-23 12:39:00,429 [INFO] httpx: HTTP Request: POST https://api.telegram.org/bot8327396461:AAHqdn7ioqlwEF01CE9L7U10oi6JuNoyq_s/getUpdates "HTTP/1.1 200 OK"
2026-02-23 12:39:10,549 [INFO] httpx: HTTP Request: POST https://api.telegram.org/bot8327396461:AAHqdn7ioqlwEF01CE9L7U10oi6JuNoyq_s/getUpdates "HTTP/1.1 200 OK"
2026-02-23 12:39:20,670 [INFO] httpx: HTTP Request: POST https://api.telegram.org/bot8327396461:AAHqdn7ioqlwEF01CE9L7U10oi6JuNoyq_s/getUpdates "HTTP/1.1 200 OK"
2026-02-23 12:39:30,779 [INFO] httpx: HTTP Request: POST https://api.telegram.org/bot8327396461:AAHqdn7ioqlwEF01CE9L7U10oi6JuNoyq_s/getUpdates "HTTP/1.1 200 OK"
2026-02-23 12:39:40,886 [INFO] httpx: HTTP Request: POST https://api.telegram.org/bot8327396461:AAHqdn7ioqlwEF01CE9L7U10oi6JuNoyq_s/getUpdates "HTTP/1.1 200 OK"
2026-02-23 12:39:50,997 [INFO] httpx: HTTP Request: POST https://api.telegram.org/bot8327396461:AAHqdn7ioqlwEF01CE9L7U10oi6JuNoyq_s/getUpdates "HTTP/1.1 200 OK"
2026-02-23 12:40:01,115 [INFO] httpx: HTTP Request: POST https://api.telegram.org/bot8327396461:AAHqdn7ioqlwEF01CE9L7U10oi6JuNoyq_s/getUpdates "HTTP/1.1 200 OK"
2026-02-23 12:40:11,229 [INFO] httpx: HTTP Request: POST https://api.telegram.org/bot8327396461:AAHqdn7ioqlwEF01CE9L7U10oi6JuNoyq_s/getUpdates "HTTP/1.1 200 OK"
2026-02-23 12:40:21,346 [INFO] httpx: HTTP Request: POST https://api.telegram.org/bot8327396461:AAHqdn7ioqlwEF01CE9L7U10oi6JuNoyq_s/getUpdates "HTTP/1.1 200 OK"
2026-02-23 12:40:31,464 [INFO] httpx: HTTP Request: POST https://api.telegram.org/bot8327396461:AAHqdn7ioqlwEF01CE9L7U10oi6JuNoyq_s/getUpdates "HTTP/1.1 200 OK"
2026-02-23 12:40:41,579 [INFO] httpx: HTTP Request: POST https://api.telegram.org/bot8327396461:AAHqdn7ioqlwEF01CE9L7U10oi6JuNoyq_s/getUpdates "HTTP/1.1 200 OK"
2026-02-23 12:40:51,695 [INFO] httpx: HTTP Request: POST https://api.telegram.org/bot8327396461:AAHqdn7ioqlwEF01CE9L7U10oi6JuNoyq_s/getUpdates "HTTP/1.1 200 OK"
2026-02-23 12:41:01,807 [INFO] httpx: HTTP Request: POST https://api.telegram.org/bot8327396461:AAHqdn7ioqlwEF01CE9L7U10oi6JuNoyq_s/getUpdates "HTTP/1.1 200 OK"
2026-02-23 12:41:11,923 [INFO] httpx: HTTP Request: POST https://api.telegram.org/bot8327396461:AAHqdn7ioqlwEF01CE9L7U10oi6JuNoyq_s/getUpdates "HTTP/1.1 200 OK"
2026-02-23 12:41:21,047 [INFO] werkzeug: 127.0.0.1 - - [23/Feb/2026 12:41:21] "[33mGET /.well-known/appspecific/com.chrome.devtools.json HTTP/1.1[0m" 404 -
2026-02-23 12:41:22,040 [INFO] httpx: HTTP Request: POST https://api.telegram.org/bot8327396461:AAHqdn7ioqlwEF01CE9L7U10oi6JuNoyq_s/getUpdates "HTTP/1.1 200 OK"
2026-02-23 12:41:31,627 [INFO] werkzeug: 127.0.0.1 - - [23/Feb/2026 12:41:31] "[36mGET / HTTP/1.1[0m" 304 -
2026-02-23 12:41:32,000 [INFO] werkzeug: 127.0.0.1 - - [23/Feb/2026 12:41:32] "GET /api/config HTTP/1.1" 200 -
2026-02-23 12:41:32,005 [INFO] werkzeug: 127.0.0.1 - - [23/Feb/2026 12:41:32] "GET /api/projects HTTP/1.1" 200 -
2026-02-23 12:41:32,008 [INFO] werkzeug: 127.0.0.1 - - [23/Feb/2026 12:41:32] "GET /api/stream HTTP/1.1" 200 -
2026-02-23 12:41:32,015 [INFO] werkzeug: 127.0.0.1 - - [23/Feb/2026 12:41:32] "[33mGET /.well-known/appspecific/com.chrome.devtools.json HTTP/1.1[0m" 404 -
2026-02-23 12:41:32,151 [INFO] httpx: HTTP Request: POST https://api.telegram.org/bot8327396461:AAHqdn7ioqlwEF01CE9L7U10oi6JuNoyq_s/getUpdates "HTTP/1.1 200 OK"
2026-02-23 12:41:42,272 [INFO] httpx: HTTP Request: POST https://api.telegram.org/bot8327396461:AAHqdn7ioqlwEF01CE9L7U10oi6JuNoyq_s/getUpdates "HTTP/1.1 200 OK"
2026-02-23 12:41:52,382 [INFO] httpx: HTTP Request: POST https://api.telegram.org/bot8327396461:AAHqdn7ioqlwEF01CE9L7U10oi6JuNoyq_s/getUpdates "HTTP/1.1 200 OK"
2026-02-23 12:42:02,502 [INFO] httpx: HTTP Request: POST https://api.telegram.org/bot8327396461:AAHqdn7ioqlwEF01CE9L7U10oi6JuNoyq_s/getUpdates "HTTP/1.1 200 OK"
2026-02-23 12:42:12,621 [INFO] httpx: HTTP Request: POST https://api.telegram.org/bot8327396461:AAHqdn7ioqlwEF01CE9L7U10oi6JuNoyq_s/getUpdates "HTTP/1.1 200 OK"
2026-02-23 12:42:17,020 [INFO] werkzeug: 127.0.0.1 - - [23/Feb/2026 12:42:17] "[36mGET / HTTP/1.1[0m" 304 -
2026-02-23 12:42:17,354 [INFO] werkzeug: 127.0.0.1 - - [23/Feb/2026 12:42:17] "GET /api/config HTTP/1.1" 200 -
2026-02-23 12:42:17,360 [INFO] werkzeug: 127.0.0.1 - - [23/Feb/2026 12:42:17] "GET /api/projects HTTP/1.1" 200 -
2026-02-23 12:42:17,455 [INFO] werkzeug: 127.0.0.1 - - [23/Feb/2026 12:42:17] "GET /api/stream HTTP/1.1" 200 -
2026-02-23 12:42:22,739 [INFO] httpx: HTTP Request: POST https://api.telegram.org/bot8327396461:AAHqdn7ioqlwEF01CE9L7U10oi6JuNoyq_s/getUpdates "HTTP/1.1 200 OK"
2026-02-23 12:42:32,851 [INFO] httpx: HTTP Request: POST https://api.telegram.org/bot8327396461:AAHqdn7ioqlwEF01CE9L7U10oi6JuNoyq_s/getUpdates "HTTP/1.1 200 OK"
2026-02-23 12:42:42,968 [INFO] httpx: HTTP Request: POST https://api.telegram.org/bot8327396461:AAHqdn7ioqlwEF01CE9L7U10oi6JuNoyq_s/getUpdates "HTTP/1.1 200 OK"
2026-02-23 12:42:53,081 [INFO] httpx: HTTP Request: POST https://api.telegram.org/bot8327396461:AAHqdn7ioqlwEF01CE9L7U10oi6JuNoyq_s/getUpdates "HTTP/1.1 200 OK"
2026-02-23 12:43:03,200 [INFO] httpx: HTTP Request: POST https://api.telegram.org/bot8327396461:AAHqdn7ioqlwEF01CE9L7U10oi6JuNoyq_s/getUpdates "HTTP/1.1 200 OK"
2026-02-23 12:43:13,322 [INFO] httpx: HTTP Request: POST https://api.telegram.org/bot8327396461:AAHqdn7ioqlwEF01CE9L7U10oi6JuNoyq_s/getUpdates "HTTP/1.1 200 OK"
2026-02-23 12:43:23,431 [INFO] httpx: HTTP Request: POST https://api.telegram.org/bot8327396461:AAHqdn7ioqlwEF01CE9L7U10oi6JuNoyq_s/getUpdates "HTTP/1.1 200 OK"
2026-02-23 12:43:33,547 [INFO] httpx: HTTP Request: POST https://api.telegram.org/bot8327396461:AAHqdn7ioqlwEF01CE9L7U10oi6JuNoyq_s/getUpdates "HTTP/1.1 200 OK"
2026-02-23 12:43:43,663 [INFO] httpx: HTTP Request: POST https://api.telegram.org/bot8327396461:AAHqdn7ioqlwEF01CE9L7U10oi6JuNoyq_s/getUpdates "HTTP/1.1 200 OK"
2026-02-23 12:43:53,775 [INFO] httpx: HTTP Request: POST https://api.telegram.org/bot8327396461:AAHqdn7ioqlwEF01CE9L7U10oi6JuNoyq_s/getUpdates "HTTP/1.1 200 OK"
2026-02-23 12:44:03,899 [INFO] httpx: HTTP Request: POST https://api.telegram.org/bot8327396461:AAHqdn7ioqlwEF01CE9L7U10oi6JuNoyq_s/getUpdates "HTTP/1.1 200 OK"
2026-02-23 12:44:14,013 [INFO] httpx: HTTP Request: POST https://api.telegram.org/bot8327396461:AAHqdn7ioqlwEF01CE9L7U10oi6JuNoyq_s/getUpdates "HTTP/1.1 200 OK"
2026-02-23 12:44:24,123 [INFO] httpx: HTTP Request: POST https://api.telegram.org/bot8327396461:AAHqdn7ioqlwEF01CE9L7U10oi6JuNoyq_s/getUpdates "HTTP/1.1 200 OK"
2026-02-23 12:44:34,391 [INFO] httpx: HTTP Request: POST https://api.telegram.org/bot8327396461:AAHqdn7ioqlwEF01CE9L7U10oi6JuNoyq_s/getUpdates "HTTP/1.1 200 OK"
2026-02-23 12:44:44,501 [INFO] httpx: HTTP Request: POST https://api.telegram.org/bot8327396461:AAHqdn7ioqlwEF01CE9L7U10oi6JuNoyq_s/getUpdates "HTTP/1.1 200 OK"
2026-02-23 12:44:54,614 [INFO] httpx: HTTP Request: POST https://api.telegram.org/bot8327396461:AAHqdn7ioqlwEF01CE9L7U10oi6JuNoyq_s/getUpdates "HTTP/1.1 200 OK"
2026-02-23 12:45:04,732 [INFO] httpx: HTTP Request: POST https://api.telegram.org/bot8327396461:AAHqdn7ioqlwEF01CE9L7U10oi6JuNoyq_s/getUpdates "HTTP/1.1 200 OK"
2026-02-23 12:45:14,841 [INFO] httpx: HTTP Request: POST https://api.telegram.org/bot8327396461:AAHqdn7ioqlwEF01CE9L7U10oi6JuNoyq_s/getUpdates "HTTP/1.1 200 OK"
2026-02-23 12:45:24,949 [INFO] httpx: HTTP Request: POST https://api.telegram.org/bot8327396461:AAHqdn7ioqlwEF01CE9L7U10oi6JuNoyq_s/getUpdates "HTTP/1.1 200 OK"
2026-02-23 12:45:35,065 [INFO] httpx: HTTP Request: POST https://api.telegram.org/bot8327396461:AAHqdn7ioqlwEF01CE9L7U10oi6JuNoyq_s/getUpdates "HTTP/1.1 200 OK"
2026-02-23 12:45:45,173 [INFO] httpx: HTTP Request: POST https://api.telegram.org/bot8327396461:AAHqdn7ioqlwEF01CE9L7U10oi6JuNoyq_s/getUpdates "HTTP/1.1 200 OK"
2026-02-23 12:45:55,286 [INFO] httpx: HTTP Request: POST https://api.telegram.org/bot8327396461:AAHqdn7ioqlwEF01CE9L7U10oi6JuNoyq_s/getUpdates "HTTP/1.1 200 OK"
2026-02-23 12:46:05,395 [INFO] httpx: HTTP Request: POST https://api.telegram.org/bot8327396461:AAHqdn7ioqlwEF01CE9L7U10oi6JuNoyq_s/getUpdates "HTTP/1.1 200 OK"
2026-02-23 12:46:15,504 [INFO] httpx: HTTP Request: POST https://api.telegram.org/bot8327396461:AAHqdn7ioqlwEF01CE9L7U10oi6JuNoyq_s/getUpdates "HTTP/1.1 200 OK"
2026-02-23 12:46:25,613 [INFO] httpx: HTTP Request: POST https://api.telegram.org/bot8327396461:AAHqdn7ioqlwEF01CE9L7U10oi6JuNoyq_s/getUpdates "HTTP/1.1 200 OK"
2026-02-23 12:46:35,732 [INFO] httpx: HTTP Request: POST https://api.telegram.org/bot8327396461:AAHqdn7ioqlwEF01CE9L7U10oi6JuNoyq_s/getUpdates "HTTP/1.1 200 OK"
2026-02-23 12:46:45,848 [INFO] httpx: HTTP Request: POST https://api.telegram.org/bot8327396461:AAHqdn7ioqlwEF01CE9L7U10oi6JuNoyq_s/getUpdates "HTTP/1.1 200 OK"
2026-02-23 12:46:55,968 [INFO] httpx: HTTP Request: POST https://api.telegram.org/bot8327396461:AAHqdn7ioqlwEF01CE9L7U10oi6JuNoyq_s/getUpdates "HTTP/1.1 200 OK"
2026-02-23 12:47:06,082 [INFO] httpx: HTTP Request: POST https://api.telegram.org/bot8327396461:AAHqdn7ioqlwEF01CE9L7U10oi6JuNoyq_s/getUpdates "HTTP/1.1 200 OK"
2026-02-23 12:47:16,193 [INFO] httpx: HTTP Request: POST https://api.telegram.org/bot8327396461:AAHqdn7ioqlwEF01CE9L7U10oi6JuNoyq_s/getUpdates "HTTP/1.1 200 OK"
2026-02-23 12:47:23,423 [INFO] werkzeug: 127.0.0.1 - - [23/Feb/2026 12:47:23] "[36mGET / HTTP/1.1[0m" 304 -
2026-02-23 12:47:23,781 [INFO] werkzeug: 127.0.0.1 - - [23/Feb/2026 12:47:23] "GET /api/config HTTP/1.1" 200 -
2026-02-23 12:47:23,799 [INFO] werkzeug: 127.0.0.1 - - [23/Feb/2026 12:47:23] "GET /api/projects HTTP/1.1" 200 -
2026-02-23 12:47:23,802 [INFO] werkzeug: 127.0.0.1 - - [23/Feb/2026 12:47:23] "GET /api/stream HTTP/1.1" 200 -
2026-02-23 12:47:26,311 [INFO] httpx: HTTP Request: POST https://api.telegram.org/bot8327396461:AAHqdn7ioqlwEF01CE9L7U10oi6JuNoyq_s/getUpdates "HTTP/1.1 200 OK"
2026-02-23 12:47:36,429 [INFO] httpx: HTTP Request: POST https://api.telegram.org/bot8327396461:AAHqdn7ioqlwEF01CE9L7U10oi6JuNoyq_s/getUpdates "HTTP/1.1 200 OK"
2026-02-23 12:47:46,541 [INFO] httpx: HTTP Request: POST https://api.telegram.org/bot8327396461:AAHqdn7ioqlwEF01CE9L7U10oi6JuNoyq_s/getUpdates "HTTP/1.1 200 OK"
2026-02-23 12:47:56,865 [INFO] httpx: HTTP Request: POST https://api.telegram.org/bot8327396461:AAHqdn7ioqlwEF01CE9L7U10oi6JuNoyq_s/getUpdates "HTTP/1.1 200 OK"
2026-02-23 12:48:06,973 [INFO] httpx: HTTP Request: POST https://api.telegram.org/bot8327396461:AAHqdn7ioqlwEF01CE9L7U10oi6JuNoyq_s/getUpdates "HTTP/1.1 200 OK"
2026-02-23 12:48:17,080 [INFO] httpx: HTTP Request: POST https://api.telegram.org/bot8327396461:AAHqdn7ioqlwEF01CE9L7U10oi6JuNoyq_s/getUpdates "HTTP/1.1 200 OK"
2026-02-23 12:48:27,279 [INFO] httpx: HTTP Request: POST https://api.telegram.org/bot8327396461:AAHqdn7ioqlwEF01CE9L7U10oi6JuNoyq_s/getUpdates "HTTP/1.1 200 OK"
2026-02-23 12:48:37,391 [INFO] httpx: HTTP Request: POST https://api.telegram.org/bot8327396461:AAHqdn7ioqlwEF01CE9L7U10oi6JuNoyq_s/getUpdates "HTTP/1.1 200 OK"
2026-02-23 12:48:40,747 [INFO] httpx: HTTP Request: POST https://api.telegram.org/bot8327396461:AAHqdn7ioqlwEF01CE9L7U10oi6JuNoyq_s/getUpdates "HTTP/1.1 200 OK"
2026-02-23 12:48:40,749 [INFO] telegram.ext.Application: Application is stopping. This might take a moment.
2026-02-23 12:48:40,750 [INFO] apscheduler.scheduler: Scheduler has been shut down
2026-02-23 12:48:40,775 [INFO] telegram.ext.Application: Application.stop() complete
